Archive member included to satisfy reference by file (symbol)

C:/ST/STM32CubeIDE_2.1.1/STM32CubeIDE/plugins/com.st.stm32cube.ide.mcu.externaltools.gnu-tools-for-stm32.14.3.rel1.win32_1.0.100.202602081740/tools/bin/../lib/gcc/arm-none-eabi/14.3.1/../../../../arm-none-eabi/lib/thumb/v7e-m+fp/hard\libc_nano.a(libc_a-exit.o)
                              C:/ST/STM32CubeIDE_2.1.1/STM32CubeIDE/plugins/com.st.stm32cube.ide.mcu.externaltools.gnu-tools-for-stm32.14.3.rel1.win32_1.0.100.202602081740/tools/bin/../lib/gcc/arm-none-eabi/14.3.1/../../../../arm-none-eabi/lib/thumb/v7e-m+fp/hard/crt0.o (exit)
C:/ST/STM32CubeIDE_2.1.1/STM32CubeIDE/plugins/com.st.stm32cube.ide.mcu.externaltools.gnu-tools-for-stm32.14.3.rel1.win32_1.0.100.202602081740/tools/bin/../lib/gcc/arm-none-eabi/14.3.1/../../../../arm-none-eabi/lib/thumb/v7e-m+fp/hard\libc_nano.a(libc_a-findfp.o)
                              C:/ST/STM32CubeIDE_2.1.1/STM32CubeIDE/plugins/com.st.stm32cube.ide.mcu.externaltools.gnu-tools-for-stm32.14.3.rel1.win32_1.0.100.202602081740/tools/bin/../lib/gcc/arm-none-eabi/14.3.1/../../../../arm-none-eabi/lib/thumb/v7e-m+fp/hard\libc_nano.a(libc_a-exit.o) (__stdio_exit_handler)
C:/ST/STM32CubeIDE_2.1.1/STM32CubeIDE/plugins/com.st.stm32cube.ide.mcu.externaltools.gnu-tools-for-stm32.14.3.rel1.win32_1.0.100.202602081740/tools/bin/../lib/gcc/arm-none-eabi/14.3.1/../../../../arm-none-eabi/lib/thumb/v7e-m+fp/hard\libc_nano.a(libc_a-fwalk.o)
                              C:/ST/STM32CubeIDE_2.1.1/STM32CubeIDE/plugins/com.st.stm32cube.ide.mcu.externaltools.gnu-tools-for-stm32.14.3.rel1.win32_1.0.100.202602081740/tools/bin/../lib/gcc/arm-none-eabi/14.3.1/../../../../arm-none-eabi/lib/thumb/v7e-m+fp/hard\libc_nano.a(libc_a-findfp.o) (_fwalk_sglue)
C:/ST/STM32CubeIDE_2.1.1/STM32CubeIDE/plugins/com.st.stm32cube.ide.mcu.externaltools.gnu-tools-for-stm32.14.3.rel1.win32_1.0.100.202602081740/tools/bin/../lib/gcc/arm-none-eabi/14.3.1/../../../../arm-none-eabi/lib/thumb/v7e-m+fp/hard\libc_nano.a(libc_a-stdio.o)
                              C:/ST/STM32CubeIDE_2.1.1/STM32CubeIDE/plugins/com.st.stm32cube.ide.mcu.externaltools.gnu-tools-for-stm32.14.3.rel1.win32_1.0.100.202602081740/tools/bin/../lib/gcc/arm-none-eabi/14.3.1/../../../../arm-none-eabi/lib/thumb/v7e-m+fp/hard\libc_nano.a(libc_a-findfp.o) (__sread)
C:/ST/STM32CubeIDE_2.1.1/STM32CubeIDE/plugins/com.st.stm32cube.ide.mcu.externaltools.gnu-tools-for-stm32.14.3.rel1.win32_1.0.100.202602081740/tools/bin/../lib/gcc/arm-none-eabi/14.3.1/../../../../arm-none-eabi/lib/thumb/v7e-m+fp/hard\libc_nano.a(libc_a-memset.o)
                              C:/ST/STM32CubeIDE_2.1.1/STM32CubeIDE/plugins/com.st.stm32cube.ide.mcu.externaltools.gnu-tools-for-stm32.14.3.rel1.win32_1.0.100.202602081740/tools/bin/../lib/gcc/arm-none-eabi/14.3.1/../../../../arm-none-eabi/lib/thumb/v7e-m+fp/hard/crt0.o (memset)
C:/ST/STM32CubeIDE_2.1.1/STM32CubeIDE/plugins/com.st.stm32cube.ide.mcu.externaltools.gnu-tools-for-stm32.14.3.rel1.win32_1.0.100.202602081740/tools/bin/../lib/gcc/arm-none-eabi/14.3.1/../../../../arm-none-eabi/lib/thumb/v7e-m+fp/hard\libc_nano.a(libc_a-closer.o)
                              C:/ST/STM32CubeIDE_2.1.1/STM32CubeIDE/plugins/com.st.stm32cube.ide.mcu.externaltools.gnu-tools-for-stm32.14.3.rel1.win32_1.0.100.202602081740/tools/bin/../lib/gcc/arm-none-eabi/14.3.1/../../../../arm-none-eabi/lib/thumb/v7e-m+fp/hard\libc_nano.a(libc_a-stdio.o) (_close_r)
C:/ST/STM32CubeIDE_2.1.1/STM32CubeIDE/plugins/com.st.stm32cube.ide.mcu.externaltools.gnu-tools-for-stm32.14.3.rel1.win32_1.0.100.202602081740/tools/bin/../lib/gcc/arm-none-eabi/14.3.1/../../../../arm-none-eabi/lib/thumb/v7e-m+fp/hard\libc_nano.a(libc_a-reent.o)
                              C:/ST/STM32CubeIDE_2.1.1/STM32CubeIDE/plugins/com.st.stm32cube.ide.mcu.externaltools.gnu-tools-for-stm32.14.3.rel1.win32_1.0.100.202602081740/tools/bin/../lib/gcc/arm-none-eabi/14.3.1/../../../../arm-none-eabi/lib/thumb/v7e-m+fp/hard\libc_nano.a(libc_a-closer.o) (errno)
C:/ST/STM32CubeIDE_2.1.1/STM32CubeIDE/plugins/com.st.stm32cube.ide.mcu.externaltools.gnu-tools-for-stm32.14.3.rel1.win32_1.0.100.202602081740/tools/bin/../lib/gcc/arm-none-eabi/14.3.1/../../../../arm-none-eabi/lib/thumb/v7e-m+fp/hard\libc_nano.a(libc_a-impure.o)
                              C:/ST/STM32CubeIDE_2.1.1/STM32CubeIDE/plugins/com.st.stm32cube.ide.mcu.externaltools.gnu-tools-for-stm32.14.3.rel1.win32_1.0.100.202602081740/tools/bin/../lib/gcc/arm-none-eabi/14.3.1/../../../../arm-none-eabi/lib/thumb/v7e-m+fp/hard\libc_nano.a(libc_a-reent.o) (_impure_ptr)
C:/ST/STM32CubeIDE_2.1.1/STM32CubeIDE/plugins/com.st.stm32cube.ide.mcu.externaltools.gnu-tools-for-stm32.14.3.rel1.win32_1.0.100.202602081740/tools/bin/../lib/gcc/arm-none-eabi/14.3.1/../../../../arm-none-eabi/lib/thumb/v7e-m+fp/hard\libc_nano.a(libc_a-lseekr.o)
[...]
Memory Configuration

Name             Origin             Length             Attributes
RAM              0x20000000         0x00018000         xrw
FLASH            0x08000000         0x00080000         xr
*default*        0x00000000         0xffffffff

Linker script and memory map

LOAD C:/ST/STM32CubeIDE_2.1.1/STM32CubeIDE/plugins/com.st.stm32cube.ide.mcu.externaltools.gnu-tools-for-stm32.14.3.rel1.win32_1.0.100.202602081740/tools/bin/../lib/gcc/arm-none-eabi/14.3.1/thumb/v7e-m+fp/hard/crti.o
LOAD C:/ST/STM32CubeIDE_2.1.1/STM32CubeIDE/plugins/com.st.stm32cube.ide.mcu.externaltools.gnu-tools-for-stm32.14.3.rel1.win32_1.0.100.202602081740/tools/bin/../lib/gcc/arm-none-eabi/14.3.1/thumb/v7e-m+fp/hard/crtbegin.o
LOAD C:/ST/STM32CubeIDE_2.1.1/STM32CubeIDE/plugins/com.st.stm32cube.ide.mcu.externaltools.gnu-tools-for-stm32.14.3.rel1.win32_1.0.100.202602081740/tools/bin/../lib/gcc/arm-none-eabi/14.3.1/../../../../arm-none-eabi/lib/thumb/v7e-m+fp/hard/crt0.o
LOAD ./Core/Src/LoRa.o
LOAD ./Core/Src/main.o
LOAD ./Core/Src/stm32f4xx_hal_msp.o
LOAD ./Core/Src/stm32f4xx_it.o
LOAD ./Core/Src/syscalls.o
LOAD ./Core/Src/sysmem.o
LOAD ./Core/Src/system_stm32f4xx.o
LOAD ./Core/Startup/startup_stm32f401retx.o
LOAD ./Drivers/STM32F4xx_HAL_Driver/Src/stm32f4xx_hal.o
LOAD ./Drivers/STM32F4xx_HAL_Driver/Src/stm32f4xx_hal_cortex.o
LOAD ./Drivers/STM32F4xx_HAL_Driver/Src/stm32f4xx_hal_dma.o
LOAD ./Drivers/STM32F4xx_HAL_Driver/Src/stm32f4xx_hal_dma_ex.o
LOAD ./Drivers/STM32F4xx_HAL_Driver/Src/stm32f4xx_hal_exti.o
LOAD ./Drivers/STM32F4xx_HAL_Driver/Src/stm32f4xx_hal_flash.o
LOAD ./Drivers/STM32F4xx_HAL_Driver/Src/stm32f4xx_hal_flash_ex.o
LOAD ./Drivers/STM32F4xx_HAL_Driver/Src/stm32f4xx_hal_flash_ramfunc.o
LOAD ./Drivers/STM32F4xx_HAL_Driver/Src/stm32f4xx_hal_gpio.o
LOAD ./Drivers/STM32F4xx_HAL_Driver/Src/stm32f4xx_hal_pcd.o
LOAD ./Drivers/STM32F4xx_HAL_Driver/Src/stm32f4xx_hal_pcd_ex.o
LOAD ./Drivers/STM32F4xx_HAL_Driver/Src/stm32f4xx_hal_pwr.o
LOAD ./Drivers/STM32F4xx_HAL_Driver/Src/stm32f4xx_hal_pwr_ex.o
LOAD ./Drivers/STM32F4xx_HAL_Driver/Src/stm32f4xx_hal_rcc.o
LOAD ./Drivers/STM32F4xx_HAL_Driver/Src/stm32f4xx_hal_rcc_ex.o
LOAD ./Drivers/STM32F4xx_HAL_Driver/Src/stm32f4xx_hal_spi.o
LOAD ./Drivers/STM32F4xx_HAL_Driver/Src/stm32f4xx_hal_uart.o
LOAD ./Drivers/STM32F4xx_HAL_Driver/Src/stm32f4xx_ll_usb.o
LOAD ./Middlewares/ST/STM32_USB_Device_Library/Class/CDC/Src/usbd_cdc.o
LOAD ./Middlewares/ST/STM32_USB_Device_Library/Core/Src/usbd_core.o
LOAD ./Middlewares/ST/STM32_USB_Device_Library/Core/Src/usbd_ctlreq.o
LOAD ./Middlewares/ST/STM32_USB_Device_Library/Core/Src/usbd_ioreq.o
LOAD ./USB_DEVICE/App/usb_device.o
LOAD ./USB_DEVICE/App/usbd_cdc_if.o
LOAD ./USB_DEVICE/App/usbd_desc.o
LOAD ./USB_DEVICE/Target/usbd_conf.o
START GROUP
LOAD C:/ST/STM32CubeIDE_2.1.1/STM32CubeIDE/plugins/com.st.stm32cube.ide.mcu.externaltools.gnu-tools-for-stm32.14.3.rel1.win32_1.0.100.202602081740/tools/bin/../lib/gcc/arm-none-eabi/14.3.1/../../../../arm-none-eabi/lib/thumb/v7e-m+fp/hard\libc_nano.a
LOAD C:/ST/STM32CubeIDE_2.1.1/STM32CubeIDE/plugins/com.st.stm32cube.ide.mcu.externaltools.gnu-tools-for-stm32.14.3.rel1.win32_1.0.100.202602081740/tools/bin/../lib/gcc/arm-none-eabi/14.3.1/../../../../arm-none-eabi/lib/thumb/v7e-m+fp/hard\libm.a
END GROUP
START GROUP
LOAD C:/ST/STM32CubeIDE_2.1.1/STM32CubeIDE/plugins/com.st.stm32cube.ide.mcu.externaltools.gnu-tools-for-stm32.14.3.rel1.win32_1.0.100.202602081740/tools/bin/../lib/gcc/arm-none-eabi/14.3.1/thumb/v7e-m+fp/hard\libgcc.a
LOAD C:/ST/STM32CubeIDE_2.1.1/STM32CubeIDE/plugins/com.st.stm32cube.ide.mcu.externaltools.gnu-tools-for-stm32.14.3.rel1.win32_1.0.100.202602081740/tools/bin/../lib/gcc/arm-none-eabi/14.3.1/../../../../arm-none-eabi/lib/thumb/v7e-m+fp/hard\libc_nano.a
END GROUP
START GROUP
LOAD C:/ST/STM32CubeIDE_2.1.1/STM32CubeIDE/plugins/com.st.stm32cube.ide.mcu.externaltools.gnu-tools-for-stm32.14.3.rel1.win32_1.0.100.202602081740/tools/bin/../lib/gcc/arm-none-eabi/14.3.1/thumb/v7e-m+fp/hard\libgcc.a
LOAD C:/ST/STM32CubeIDE_2.1.1/STM32CubeIDE/plugins/com.st.stm32cube.ide.mcu.externaltools.gnu-tools-for-stm32.14.3.rel1.win32_1.0.100.202602081740/tools/bin/../lib/gcc/arm-none-eabi/14.3.1/../../../../arm-none-eabi/lib/thumb/v7e-m+fp/hard\libc_nano.a
LOAD C:/ST/STM32CubeIDE_2.1.1/STM32CubeIDE/plugins/com.st.stm32cube.ide.mcu.externaltools.gnu-tools-for-stm32.14.3.rel1.win32_1.0.100.202602081740/tools/bin/../lib/gcc/arm-none-eabi/14.3.1/../../../../arm-none-eabi/lib/thumb/v7e-m+fp/hard\libnosys.a
END GROUP
START GROUP
LOAD C:/ST/STM32CubeIDE_2.1.1/STM32CubeIDE/plugins/com.st.stm32cube.ide.mcu.externaltools.gnu-tools-for-stm32.14.3.rel1.win32_1.0.100.202602081740/tools/bin/../lib/gcc/arm-none-eabi/14.3.1/thumb/v7e-m+fp/hard\libgcc.a
LOAD C:/ST/STM32CubeIDE_2.1.1/STM32CubeIDE/plugins/com.st.stm32cube.ide.mcu.externaltools.gnu-tools-for-stm32.14.3.rel1.win32_1.0.100.202602081740/tools/bin/../lib/gcc/arm-none-eabi/14.3.1/../../../../arm-none-eabi/lib/thumb/v7e-m+fp/hard\libc_nano.a
LOAD C:/ST/STM32CubeIDE_2.1.1/STM32CubeIDE/plugins/com.st.stm32cube.ide.mcu.externaltools.gnu-tools-for-stm32.14.3.rel1.win32_1.0.100.202602081740/tools/bin/../lib/gcc/arm-none-eabi/14.3.1/../../../../arm-none-eabi/lib/thumb/v7e-m+fp/hard\libnosys.a
END GROUP
LOAD C:/ST/STM32CubeIDE_2.1.1/STM32CubeIDE/plugins/com.st.stm32cube.ide.mcu.externaltools.gnu-tools-for-stm32.14.3.rel1.win32_1.0.100.202602081740/tools/bin/../lib/gcc/arm-none-eabi/14.3.1/thumb/v7e-m+fp/hard/crtend.o
LOAD C:/ST/STM32CubeIDE_2.1.1/STM32CubeIDE/plugins/com.st.stm32cube.ide.mcu.externaltools.gnu-tools-for-stm32.14.3.rel1.win32_1.0.100.202602081740/tools/bin/../lib/gcc/arm-none-eabi/14.3.1/thumb/v7e-m+fp/hard/crtn.o
                0x20018000                        _estack = (ORIGIN (RAM) + LENGTH (RAM))
                0x00000200                        _Min_Heap_Size = 0x200
                0x00000400                        _Min_Stack_Size = 0x400

.isr_vector     0x08000000      0x194
                0x08000000                        . = ALIGN (0x4)
 *(.isr_vector)
 .isr_vector    0x08000000      0x194 ./Core/Startup/startup_stm32f401retx.o
                0x08000000                g_pfnVectors
                0x08000194                        . = ALIGN (0x4)

.text           0x08000194     0x9110
                0x08000194                        . = ALIGN (0x4)
 *(.text)
 .text          0x08000194       0x40 C:/ST/STM32CubeIDE_2.1.1/STM32CubeIDE/plugins/com.st.stm32cube.ide.mcu.externaltools.gnu-tools-for-stm32.14.3.rel1.win32_1.0.100.202602081740/tools/bin/../lib/gcc/arm-none-eabi/14.3.1/thumb/v7e-m+fp/hard/crtbegin.o
 .text          0x080001d4       0x10 C:/ST/STM32CubeIDE_2.1.1/STM32CubeIDE/plugins/com.st.stm32cube.ide.mcu.externaltools.gnu-tools-for-stm32.14.3.rel1.win32_1.0.100.202602081740/tools/bin/../lib/gcc/arm-none-eabi/14.3.1/../../../../arm-none-eabi/lib/thumb/v7e-m+fp/hard\libc_nano.a(libc_a-strlen.o)
                0x080001d4                strlen
 .text          0x080001e4      0x378 C:/ST/STM32CubeIDE_2.1.1/STM32CubeIDE/plugins/com.st.stm32cube.ide.mcu.externaltools.gnu-tools-for-stm32.14.3.rel1.win32_1.0.100.202602081740/tools/bin/../lib/gcc/arm-none-eabi/14.3.1/thumb/v7e-m+fp/hard\libgcc.a(_arm_addsubdf3.o)
                0x080001e4                __aeabi_drsub
                0x080001ec                __aeabi_dsub
                0x080001ec                __subdf3
                0x080001f0                __aeabi_dadd
                0x080001f0                __adddf3
                0x08000468                __floatunsidf
                0x08000468                __aeabi_ui2d
                0x08000488                __floatsidf
                0x08000488                __aeabi_i2d
                0x080004ac                __aeabi_f2d
                0x080004ac                __extendsfdf2
                0x080004f0                __floatundidf
                0x080004f0                __aeabi_ul2d
                0x08000500                __floatdidf
                0x08000500                __aeabi_l2d
 .text          0x0800055c      0x424 C:/ST/STM32CubeIDE_2.1.1/STM32CubeIDE/plugins/com.st.stm32cube.ide.mcu.externaltools.gnu-tools-for-stm32.14.3.rel1.win32_1.0.100.202602081740/tools/bin/../lib/gcc/arm-none-eabi/14.3.1/thumb/v7e-m+fp/hard\libgcc.a(_arm_muldivdf3.o)
                0x0800055c                __aeabi_dmul
                0x0800055c                __muldf3
                0x080007b0                __divdf3
                0x080007b0                __aeabi_ddiv
 .text          0x08000980       0x50 C:/ST/STM32CubeIDE_2.1.1/STM32CubeIDE/plugins/com.st.stm32cube.ide.mcu.externaltools.gnu-tools-for-stm32.14.3.rel1.win32_1.0.100.202602081740/tools/bin/../lib/gcc/arm-none-eabi/14.3.1/thumb/v7e-m+fp/hard\libgcc.a(_arm_fixdfsi.o)
                0x08000980                __aeabi_d2iz
                0x08000980                __fixdfsi
 .text          0x080009d0       0x30 C:/ST/STM32CubeIDE_2.1.1/STM32CubeIDE/plugins/com.st.stm32cube.ide.mcu.externaltools.gnu-tools-for-stm32.14.3.rel1.win32_1.0.100.202602081740/tools/bin/../lib/gcc/arm-none-eabi/14.3.1/thumb/v7e-m+fp/hard\libgcc.a(_aeabi_uldivmod.o)
                0x080009d0                __aeabi_uldivmod
 .text          0x08000a00      0x2f8 C:/ST/STM32CubeIDE_2.1.1/STM32CubeIDE/plugins/com.st.stm32cube.ide.mcu.externaltools.gnu-tools-for-stm32.14.3.rel1.win32_1.0.100.202602081740/tools/bin/../lib/gcc/arm-none-eabi/14.3.1/thumb/v7e-m+fp/hard\libgcc.a(_udivmoddi4.o)
                0x08000a00                __udivmoddi4
 .text          0x08000cf8        0x4 C:/ST/STM32CubeIDE_2.1.1/STM32CubeIDE/plugins/com.st.stm32cube.ide.mcu.externaltools.gnu-tools-for-stm32.14.3.rel1.win32_1.0.100.202602081740/tools/bin/../lib/gcc/arm-none-eabi/14.3.1/thumb/v7e-m+fp/hard\libgcc.a(_dvmd_tls.o)
                0x08000cf8                __aeabi_idiv0
                0x08000cf8                __aeabi_ldiv0
 *(.text*)
 .text.newLoRa  0x08000cfc       0x52 ./Core/Src/LoRa.o
                0x08000cfc                newLoRa
 .text.LoRa_reset
                0x08000d4e       0x3c ./Core/Src/LoRa.o
                0x08000d4e                LoRa_reset
 .text.LoRa_gotoMode
                0x08000d8a       0xc2 ./Core/Src/LoRa.o
                0x08000d8a                LoRa_gotoMode
 .text.LoRa_readReg
                0x08000e4c       0x7c ./Core/Src/LoRa.o
                0x08000e4c                LoRa_readReg
 .text.LoRa_writeReg
                0x08000ec8       0x7c ./Core/Src/LoRa.o
                0x08000ec8                LoRa_writeReg
 .text.LoRa_setLowDaraRateOptimization
                0x08000f44       0x4a ./Core/Src/LoRa.o
                0x08000f44                LoRa_setLowDaraRateOptimization
 *fill*         0x08000f8e        0x2 
 .text.LoRa_setAutoLDO
                0x08000f90       0x6c ./Core/Src/LoRa.o
                0x08000f90                LoRa_setAutoLDO
 .text.LoRa_setFrequency
                0x08000ffc       0x60 ./Core/Src/LoRa.o
                0x08000ffc                LoRa_setFrequency
 .text.LoRa_setSpreadingFactor
                0x0800105c       0x64 ./Core/Src/LoRa.o
                0x0800105c                LoRa_setSpreadingFactor
 .text.LoRa_setPower
                0x080010c0       0x26 ./Core/Src/LoRa.o
                0x080010c0                LoRa_setPower
 *fill*         0x080010e6        0x2 
 .text.LoRa_setOCP
                0x080010e8       0x7c ./Core/Src/LoRa.o
                0x080010e8                LoRa_setOCP
 .text.LoRa_setTOMsb_setCRCon
                0x08001164       0x36 ./Core/Src/LoRa.o
                0x08001164                LoRa_setTOMsb_setCRCon
 .text.LoRa_read
                0x0800119a       0x34 ./Core/Src/LoRa.o
                0x0800119a                LoRa_read
 .text.LoRa_write
                0x080011ce       0x3a ./Core/Src/LoRa.o
                0x080011ce                LoRa_write
 .text.LoRa_BurstWrite
                0x08001208       0x8e ./Core/Src/LoRa.o
                0x08001208                LoRa_BurstWrite
 .text.LoRa_isvalid
                0x08001296       0x16 ./Core/Src/LoRa.o
                0x08001296                LoRa_isvalid
 .text.LoRa_transmit
                0x080012ac       0xb0 ./Core/Src/LoRa.o
                0x080012ac                LoRa_transmit
 .text.LoRa_startReceiving
                0x0800135c       0x18 ./Core/Src/LoRa.o
                0x0800135c                LoRa_startReceiving
 .text.LoRa_receive
                0x08001374       0xc0 ./Core/Src/LoRa.o
                0x08001374                LoRa_receive
 .text.LoRa_init
                0x08001434      0x14e ./Core/Src/LoRa.o
                0x08001434                LoRa_init
 *fill*         0x08001582        0x2 
 .text.HAL_USB_Receive
                0x08001584       0x98 ./Core/Src/main.o
                0x08001584                HAL_USB_Receive
 .text.main     0x0800161c      0x150 ./Core/Src/main.o
                0x0800161c                main
 .text.SystemClock_Config
                0x0800176c       0xd4 ./Core/Src/main.o
                0x0800176c                SystemClock_Config
 .text.MX_SPI1_Init
                0x08001840       0x6c ./Core/Src/main.o
 .text.MX_USART1_UART_Init
                0x080018ac       0x54 ./Core/Src/main.o
 .text.MX_GPIO_Init
                0x08001900       0x88 ./Core/Src/main.o
 .text.Error_Handler
                0x08001988        0xc ./Core/Src/main.o
                0x08001988                Error_Handler
 .text.HAL_MspInit
                0x08001994       0x50 ./Core/Src/stm32f4xx_hal_msp.o
                0x08001994                HAL_MspInit
 .text.HAL_SPI_MspInit
                0x080019e4       0x90 ./Core/Src/stm32f4xx_hal_msp.o
                0x080019e4                HAL_SPI_MspInit
 .text.HAL_UART_MspInit
                0x08001a74       0x90 ./Core/Src/stm32f4xx_hal_msp.o
                0x08001a74                HAL_UART_MspInit
 .text.NMI_Handler
                0x08001b04        0x8 ./Core/Src/stm32f4xx_it.o
                0x08001b04                NMI_Handler
 .text.HardFault_Handler
                0x08001b0c        0x8 ./Core/Src/stm32f4xx_it.o
                0x08001b0c                HardFault_Handler
 .text.MemManage_Handler
                0x08001b14        0x8 ./Core/Src/stm32f4xx_it.o
                0x08001b14                MemManage_Handler
 .text.BusFault_Handler
                0x08001b1c        0x8 ./Core/Src/stm32f4xx_it.o
                0x08001b1c                BusFault_Handler
 .text.UsageFault_Handler
                0x08001b24        0x8 ./Core/Src/stm32f4xx_it.o
                0x08001b24                UsageFault_Handler
 .text.SVC_Handler
                0x08001b2c        0xe ./Core/Src/stm32f4xx_it.o
                0x08001b2c                SVC_Handler
 .text.DebugMon_Handler
                0x08001b3a        0xe ./Core/Src/stm32f4xx_it.o
                0x08001b3a                DebugMon_Handler
 .text.PendSV_Handler
                0x08001b48        0xe ./Core/Src/stm32f4xx_it.o
                0x08001b48                PendSV_Handler
 .text.SysTick_Handler
                0x08001b56        0xc ./Core/Src/stm32f4xx_it.o
                0x08001b56                SysTick_Handler
 *fill*         0x08001b62        0x2 
 .text.OTG_FS_IRQHandler
                0x08001b64       0x14 ./Core/Src/stm32f4xx_it.o
                0x08001b64                OTG_FS_IRQHandler
 .text.SystemInit
                0x08001b78       0x24 ./Core/Src/system_stm32f4xx.o
                0x08001b78                SystemInit
 .text.Reset_Handler
                0x08001b9c       0x50 ./Core/Startup/startup_stm32f401retx.o
                0x08001b9c                Reset_Handler
 .text.Default_Handler
                0x08001bec        0x2 ./Core/Startup/startup_stm32f401retx.o
                0x08001bec                RTC_Alarm_IRQHandler
                0x08001bec                EXTI2_IRQHandler
                0x08001bec                SPI4_IRQHandler
                0x08001bec                TIM1_CC_IRQHandler
                0x08001bec                DMA2_Stream5_IRQHandler
                0x08001bec                DMA1_Stream5_IRQHandler
                0x08001bec                PVD_IRQHandler
                0x08001bec                SDIO_IRQHandler
                0x08001bec                TAMP_STAMP_IRQHandler
                0x08001bec                EXTI3_IRQHandler
                0x08001bec                TIM1_UP_TIM10_IRQHandler
                0x08001bec                I2C3_ER_IRQHandler
                0x08001bec                EXTI0_IRQHandler
                0x08001bec                I2C2_EV_IRQHandler
                0x08001bec                DMA1_Stream2_IRQHandler
                0x08001bec                FPU_IRQHandler
                0x08001bec                DMA2_Stream2_IRQHandler
                0x08001bec                SPI1_IRQHandler
                0x08001bec                TIM1_BRK_TIM9_IRQHandler
                0x08001bec                DMA2_Stream3_IRQHandler
                0x08001bec                USART6_IRQHandler
                0x08001bec                DMA2_Stream0_IRQHandler
                0x08001bec                TIM4_IRQHandler
                0x08001bec                I2C1_EV_IRQHandler
                0x08001bec                DMA1_Stream6_IRQHandler
                0x08001bec                DMA1_Stream1_IRQHandler
                0x08001bec                TIM3_IRQHandler
                0x08001bec                RCC_IRQHandler
                0x08001bec                Default_Handler
                0x08001bec                EXTI15_10_IRQHandler
                0x08001bec                ADC_IRQHandler
                0x08001bec                DMA1_Stream7_IRQHandler
                0x08001bec                TIM5_IRQHandler
                0x08001bec                DMA2_Stream7_IRQHandler
                0x08001bec                I2C3_EV_IRQHandler
                0x08001bec                EXTI9_5_IRQHandler
                0x08001bec                RTC_WKUP_IRQHandler
                0x08001bec                SPI2_IRQHandler
                0x08001bec                DMA1_Stream0_IRQHandler
                0x08001bec                EXTI4_IRQHandler
                0x08001bec                WWDG_IRQHandler
                0x08001bec                TIM2_IRQHandler
                0x08001bec                OTG_FS_WKUP_IRQHandler
                0x08001bec                TIM1_TRG_COM_TIM11_IRQHandler
                0x08001bec                EXTI1_IRQHandler
                0x08001bec                USART2_IRQHandler
                0x08001bec                I2C2_ER_IRQHandler
                0x08001bec                DMA2_Stream1_IRQHandler
                0x08001bec                FLASH_IRQHandler
                0x08001bec                DMA2_Stream4_IRQHandler
                0x08001bec                USART1_IRQHandler
                0x08001bec                SPI3_IRQHandler
                0x08001bec                DMA1_Stream4_IRQHandler
                0x08001bec                I2C1_ER_IRQHandler
                0x08001bec                DMA2_Stream6_IRQHandler
                0x08001bec                DMA1_Stream3_IRQHandler
 *fill*         0x08001bee        0x2 
 .text.HAL_Init
                0x08001bf0       0x44 ./Drivers/STM32F4xx_HAL_Driver/Src/stm32f4xx_hal.o
                0x08001bf0                HAL_Init
 .text.HAL_InitTick
                0x08001c34       0x60 ./Drivers/STM32F4xx_HAL_Driver/Src/stm32f4xx_hal.o
                0x08001c34                HAL_InitTick
 .text.HAL_IncTick
                0x08001c94       0x28 ./Drivers/STM32F4xx_HAL_Driver/Src/stm32f4xx_hal.o
                0x08001c94                HAL_IncTick
 .text.HAL_GetTick
                0x08001cbc       0x18 ./Drivers/STM32F4xx_HAL_Driver/Src/stm32f4xx_hal.o
                0x08001cbc                HAL_GetTick
 .text.HAL_Delay
                0x08001cd4       0x48 ./Drivers/STM32F4xx_HAL_Driver/Src/stm32f4xx_hal.o
                0x08001cd4                HAL_Delay
 .text.__NVIC_SetPriorityGrouping
                0x08001d1c       0x48 ./Drivers/STM32F4xx_HAL_Driver/Src/stm32f4xx_hal_cortex.o
 .text.__NVIC_GetPriorityGrouping
                0x08001d64       0x1c ./Drivers/STM32F4xx_HAL_Driver/Src/stm32f4xx_hal_cortex.o
 .text.__NVIC_EnableIRQ
                0x08001d80       0x3c ./Drivers/STM32F4xx_HAL_Driver/Src/stm32f4xx_hal_cortex.o
 .text.__NVIC_SetPriority
                0x08001dbc       0x54 ./Drivers/STM32F4xx_HAL_Driver/Src/stm32f4xx_hal_cortex.o
 .text.NVIC_EncodePriority
                0x08001e10       0x66 ./Drivers/STM32F4xx_HAL_Driver/Src/stm32f4xx_hal_cortex.o
 *fill*         0x08001e76        0x2 
 .text.SysTick_Config
                0x08001e78       0x44 ./Drivers/STM32F4xx_HAL_Driver/Src/stm32f4xx_hal_cortex.o
 .text.HAL_NVIC_SetPriorityGrouping
                0x08001ebc       0x16 ./Drivers/STM32F4xx_HAL_Driver/Src/stm32f4xx_hal_cortex.o
                0x08001ebc                HAL_NVIC_SetPriorityGrouping
 .text.HAL_NVIC_SetPriority
                0x08001ed2       0x38 ./Drivers/STM32F4xx_HAL_Driver/Src/stm32f4xx_hal_cortex.o
                0x08001ed2                HAL_NVIC_SetPriority
 .text.HAL_NVIC_EnableIRQ
                0x08001f0a       0x1c ./Drivers/STM32F4xx_HAL_Driver/Src/stm32f4xx_hal_cortex.o
                0x08001f0a                HAL_NVIC_EnableIRQ
 .text.HAL_SYSTICK_Config
                0x08001f26       0x18 ./Drivers/STM32F4xx_HAL_Driver/Src/stm32f4xx_hal_cortex.o
                0x08001f26                HAL_SYSTICK_Config
 *fill*         0x08001f3e        0x2 
 .text.HAL_GPIO_Init
                0x08001f40      0x308 ./Drivers/STM32F4xx_HAL_Driver/Src/stm32f4xx_hal_gpio.o
                0x08001f40                HAL_GPIO_Init
 .text.HAL_GPIO_WritePin
                0x08002248       0x32 ./Drivers/STM32F4xx_HAL_Driver/Src/stm32f4xx_hal_gpio.o
                0x08002248                HAL_GPIO_WritePin
 .text.HAL_PCD_Init
                0x0800227a      0x21e ./Drivers/STM32F4xx_HAL_Driver/Src/stm32f4xx_hal_pcd.o
                0x0800227a                HAL_PCD_Init
 .text.HAL_PCD_Start
                0x08002498       0x6a ./Drivers/STM32F4xx_HAL_Driver/Src/stm32f4xx_hal_pcd.o
                0x08002498                HAL_PCD_Start
 .text.HAL_PCD_IRQHandler
                0x08002502      0x942 ./Drivers/STM32F4xx_HAL_Driver/Src/stm32f4xx_hal_pcd.o
                0x08002502                HAL_PCD_IRQHandler
 .text.HAL_PCD_SetAddress
                0x08002e44       0x48 ./Drivers/STM32F4xx_HAL_Driver/Src/stm32f4xx_hal_pcd.o
                0x08002e44                HAL_PCD_SetAddress
 .text.HAL_PCD_EP_Open
                0x08002e8c       0xd4 ./Drivers/STM32F4xx_HAL_Driver/Src/stm32f4xx_hal_pcd.o
                0x08002e8c                HAL_PCD_EP_Open
 .text.HAL_PCD_EP_Close
                0x08002f60       0x94 ./Drivers/STM32F4xx_HAL_Driver/Src/stm32f4xx_hal_pcd.o
                0x08002f60                HAL_PCD_EP_Close
 .text.HAL_PCD_EP_Receive
                0x08002ff4       0x76 ./Drivers/STM32F4xx_HAL_Driver/Src/stm32f4xx_hal_pcd.o
                0x08002ff4                HAL_PCD_EP_Receive
 .text.HAL_PCD_EP_GetRxCount
                0x0800306a       0x30 ./Drivers/STM32F4xx_HAL_Driver/Src/stm32f4xx_hal_pcd.o
                0x0800306a                HAL_PCD_EP_GetRxCount
 .text.HAL_PCD_EP_Transmit
                0x0800309a       0x74 ./Drivers/STM32F4xx_HAL_Driver/Src/stm32f4xx_hal_pcd.o
                0x0800309a                HAL_PCD_EP_Transmit
 .text.HAL_PCD_EP_SetStall
                0x0800310e       0xc6 ./Drivers/STM32F4xx_HAL_Driver/Src/stm32f4xx_hal_pcd.o
                0x0800310e                HAL_PCD_EP_SetStall
 .text.HAL_PCD_EP_ClrStall
                0x080031d4       0xac ./Drivers/STM32F4xx_HAL_Driver/Src/stm32f4xx_hal_pcd.o
                0x080031d4                HAL_PCD_EP_ClrStall
 .text.HAL_PCD_EP_Abort
                0x08003280       0x62 ./Drivers/STM32F4xx_HAL_Driver/Src/stm32f4xx_hal_pcd.o
                0x08003280                HAL_PCD_EP_Abort
 .text.PCD_WriteEmptyTxFifo
                0x080032e2      0x118 ./Drivers/STM32F4xx_HAL_Driver/Src/stm32f4xx_hal_pcd.o
 *fill*         0x080033fa        0x2 
 .text.PCD_EP_OutXfrComplete_int
                0x080033fc      0x1d0 ./Drivers/STM32F4xx_HAL_Driver/Src/stm32f4xx_hal_pcd.o
 .text.PCD_EP_OutSetupPacket_int
                0x080035cc       0x8c ./Drivers/STM32F4xx_HAL_Driver/Src/stm32f4xx_hal_pcd.o
 .text.HAL_PCDEx_SetTxFiFo
                0x08003658       0x8e ./Drivers/STM32F4xx_HAL_Driver/Src/stm32f4xx_hal_pcd_ex.o
                0x08003658                HAL_PCDEx_SetTxFiFo
 .text.HAL_PCDEx_SetRxFiFo
                0x080036e6       0x22 ./Drivers/STM32F4xx_HAL_Driver/Src/stm32f4xx_hal_pcd_ex.o
                0x080036e6                HAL_PCDEx_SetRxFiFo
 .text.HAL_PCDEx_LPM_Callback
                0x08003708       0x18 ./Drivers/STM32F4xx_HAL_Driver/Src/stm32f4xx_hal_pcd_ex.o
                0x08003708                HAL_PCDEx_LPM_Callback
 .text.HAL_RCC_OscConfig
                0x08003720      0x4f0 ./Drivers/STM32F4xx_HAL_Driver/Src/stm32f4xx_hal_rcc.o
                0x08003720                HAL_RCC_OscConfig
 .text.HAL_RCC_ClockConfig
                0x08003c10      0x1cc ./Drivers/STM32F4xx_HAL_Driver/Src/stm32f4xx_hal_rcc.o
                0x08003c10                HAL_RCC_ClockConfig
 .text.HAL_RCC_GetSysClockFreq
                0x08003ddc      0x188 ./Drivers/STM32F4xx_HAL_Driver/Src/stm32f4xx_hal_rcc.o
                0x08003ddc                HAL_RCC_GetSysClockFreq
 .text.HAL_RCC_GetHCLKFreq
                0x08003f64       0x18 ./Drivers/STM32F4xx_HAL_Driver/Src/stm32f4xx_hal_rcc.o
                0x08003f64                HAL_RCC_GetHCLKFreq
 .text.HAL_RCC_GetPCLK1Freq
                0x08003f7c       0x28 ./Drivers/STM32F4xx_HAL_Driver/Src/stm32f4xx_hal_rcc.o
                0x08003f7c                HAL_RCC_GetPCLK1Freq
 .text.HAL_RCC_GetPCLK2Freq
                0x08003fa4       0x28 ./Drivers/STM32F4xx_HAL_Driver/Src/stm32f4xx_hal_rcc.o
                0x08003fa4                HAL_RCC_GetPCLK2Freq
 .text.HAL_SPI_Init
                0x08003fcc      0x112 ./Drivers/STM32F4xx_HAL_Driver/Src/stm32f4xx_hal_spi.o
                0x08003fcc                HAL_SPI_Init
 .text.HAL_SPI_Transmit
                0x080040de      0x288 ./Drivers/STM32F4xx_HAL_Driver/Src/stm32f4xx_hal_spi.o
                0x080040de                HAL_SPI_Transmit
 .text.HAL_SPI_Receive
                0x08004366      0x232 ./Drivers/STM32F4xx_HAL_Driver/Src/stm32f4xx_hal_spi.o
                0x08004366                HAL_SPI_Receive
 .text.HAL_SPI_TransmitReceive
                0x08004598      0x352 ./Drivers/STM32F4xx_HAL_Driver/Src/stm32f4xx_hal_spi.o
                0x08004598                HAL_SPI_TransmitReceive
 .text.HAL_SPI_GetState
                0x080048ea       0x1c ./Drivers/STM32F4xx_HAL_Driver/Src/stm32f4xx_hal_spi.o
                0x080048ea                HAL_SPI_GetState
 *fill*         0x08004906        0x2 
 .text.SPI_WaitFlagStateUntilTimeout
                0x08004908      0x110 ./Drivers/STM32F4xx_HAL_Driver/Src/stm32f4xx_hal_spi.o
 .text.SPI_EndRxTransaction
                0x08004a18       0xca ./Drivers/STM32F4xx_HAL_Driver/Src/stm32f4xx_hal_spi.o
 *fill*         0x08004ae2        0x2 
 .text.SPI_EndRxTxTransaction
                0x08004ae4       0xa8 ./Drivers/STM32F4xx_HAL_Driver/Src/stm32f4xx_hal_spi.o
 .text.HAL_UART_Init
                0x08004b8c       0xa0 ./Drivers/STM32F4xx_HAL_Driver/Src/stm32f4xx_hal_uart.o
                0x08004b8c                HAL_UART_Init
 .text.UART_SetConfig
                0x08004c2c      0x4e8 ./Drivers/STM32F4xx_HAL_Driver/Src/stm32f4xx_hal_uart.o
 .text.USB_CoreInit
                0x08005114       0xc8 ./Drivers/STM32F4xx_HAL_Driver/Src/stm32f4xx_ll_usb.o
                0x08005114                USB_CoreInit
 .text.USB_SetTurnaroundTime
                0x080051dc      0x144 ./Drivers/STM32F4xx_HAL_Driver/Src/stm32f4xx_ll_usb.o
                0x080051dc                USB_SetTurnaroundTime
 .text.USB_EnableGlobalInt
                0x08005320       0x22 ./Drivers/STM32F4xx_HAL_Driver/Src/stm32f4xx_ll_usb.o
                0x08005320                USB_EnableGlobalInt
 .text.USB_DisableGlobalInt
                0x08005342       0x22 ./Drivers/STM32F4xx_HAL_Driver/Src/stm32f4xx_ll_usb.o
                0x08005342                USB_DisableGlobalInt
 .text.USB_SetCurrentMode
                0x08005364       0x98 ./Drivers/STM32F4xx_HAL_Driver/Src/stm32f4xx_ll_usb.o
                0x08005364                USB_SetCurrentMode
 .text.USB_DevInit
                0x080053fc      0x2c8 ./Drivers/STM32F4xx_HAL_Driver/Src/stm32f4xx_ll_usb.o
                0x080053fc                USB_DevInit
 .text.USB_FlushTxFifo
                0x080056c4       0x64 ./Drivers/STM32F4xx_HAL_Driver/Src/stm32f4xx_ll_usb.o
                0x080056c4                USB_FlushTxFifo
 .text.USB_FlushRxFifo
                0x08005728       0x5c ./Drivers/STM32F4xx_HAL_Driver/Src/stm32f4xx_ll_usb.o
                0x08005728                USB_FlushRxFifo
 .text.USB_SetDevSpeed
                0x08005784       0x32 ./Drivers/STM32F4xx_HAL_Driver/Src/stm32f4xx_ll_usb.o
                0x08005784                USB_SetDevSpeed
 .text.USB_GetDevSpeed
                0x080057b6       0x4a ./Drivers/STM32F4xx_HAL_Driver/Src/stm32f4xx_ll_usb.o
                0x080057b6                USB_GetDevSpeed
 .text.USB_ActivateEndpoint
                0x08005800      0x10e ./Drivers/STM32F4xx_HAL_Driver/Src/stm32f4xx_ll_usb.o
                0x08005800                USB_ActivateEndpoint
 *fill*         0x0800590e        0x2 
 .text.USB_DeactivateEndpoint
                0x08005910      0x1b8 ./Drivers/STM32F4xx_HAL_Driver/Src/stm32f4xx_ll_usb.o
                0x08005910                USB_DeactivateEndpoint
 .text.USB_EPStartXfer
                0x08005ac8      0x53c ./Drivers/STM32F4xx_HAL_Driver/Src/stm32f4xx_ll_usb.o
                0x08005ac8                USB_EPStartXfer
 .text.USB_EPStopXfer
                0x08006004      0x154 ./Drivers/STM32F4xx_HAL_Driver/Src/stm32f4xx_ll_usb.o
                0x08006004                USB_EPStopXfer
 .text.USB_WritePacket
                0x08006158       0x7c ./Drivers/STM32F4xx_HAL_Driver/Src/stm32f4xx_ll_usb.o
                0x08006158                USB_WritePacket
 .text.USB_ReadPacket
                0x080061d4       0xb0 ./Drivers/STM32F4xx_HAL_Driver/Src/stm32f4xx_ll_usb.o
                0x080061d4                USB_ReadPacket
 .text.USB_EPSetStall
                0x08006284       0xdc ./Drivers/STM32F4xx_HAL_Driver/Src/stm32f4xx_ll_usb.o
                0x08006284                USB_EPSetStall
 .text.USB_EPClearStall
                0x08006360       0xcc ./Drivers/STM32F4xx_HAL_Driver/Src/stm32f4xx_ll_usb.o
                0x08006360                USB_EPClearStall
 .text.USB_SetDevAddress
                0x0800642c       0x4c ./Drivers/STM32F4xx_HAL_Driver/Src/stm32f4xx_ll_usb.o
                0x0800642c                USB_SetDevAddress
 .text.USB_DevConnect
                0x08006478       0x42 ./Drivers/STM32F4xx_HAL_Driver/Src/stm32f4xx_ll_usb.o
                0x08006478                USB_DevConnect
 .text.USB_DevDisconnect
                0x080064ba       0x42 ./Drivers/STM32F4xx_HAL_Driver/Src/stm32f4xx_ll_usb.o
                0x080064ba                USB_DevDisconnect
 .text.USB_ReadInterrupts
                0x080064fc       0x26 ./Drivers/STM32F4xx_HAL_Driver/Src/stm32f4xx_ll_usb.o
                0x080064fc                USB_ReadInterrupts
 .text.USB_ReadDevAllOutEpInterrupt
                0x08006522       0x34 ./Drivers/STM32F4xx_HAL_Driver/Src/stm32f4xx_ll_usb.o
                0x08006522                USB_ReadDevAllOutEpInterrupt
 .text.USB_ReadDevAllInEpInterrupt
                0x08006556       0x34 ./Drivers/STM32F4xx_HAL_Driver/Src/stm32f4xx_ll_usb.o
                0x08006556                USB_ReadDevAllInEpInterrupt
 .text.USB_ReadDevOutEPInterrupt
                0x0800658a       0x3c ./Drivers/STM32F4xx_HAL_Driver/Src/stm32f4xx_ll_usb.o
                0x0800658a                USB_ReadDevOutEPInterrupt
 .text.USB_ReadDevInEPInterrupt
                0x080065c6       0x5c ./Drivers/STM32F4xx_HAL_Driver/Src/stm32f4xx_ll_usb.o
                0x080065c6                USB_ReadDevInEPInterrupt
 .text.USB_GetMode
                0x08006622       0x1c ./Drivers/STM32F4xx_HAL_Driver/Src/stm32f4xx_ll_usb.o
                0x08006622                USB_GetMode
 .text.USB_ActivateSetup
                0x0800663e       0x46 ./Drivers/STM32F4xx_HAL_Driver/Src/stm32f4xx_ll_usb.o
                0x0800663e                USB_ActivateSetup
 .text.USB_EP0_OutStart
                0x08006684       0xbc ./Drivers/STM32F4xx_HAL_Driver/Src/stm32f4xx_ll_usb.o
                0x08006684                USB_EP0_OutStart
 .text.USB_CoreReset
                0x08006740       0x70 ./Drivers/STM32F4xx_HAL_Driver/Src/stm32f4xx_ll_usb.o
 .text.USBD_CDC_Init
                0x080067b0      0x1f0 ./Middlewares/ST/STM32_USB_Device_Library/Class/CDC/Src/usbd_cdc.o
 .text.USBD_CDC_DeInit
                0x080069a0      0x104 ./Middlewares/ST/STM32_USB_Device_Library/Class/CDC/Src/usbd_cdc.o
 .text.USBD_CDC_Setup
                0x08006aa4      0x1b8 ./Middlewares/ST/STM32_USB_Device_Library/Class/CDC/Src/usbd_cdc.o
 .text.USBD_CDC_DataIn
                0x08006c5c       0xfe ./Middlewares/ST/STM32_USB_Device_Library/Class/CDC/Src/usbd_cdc.o
 .text.USBD_CDC_DataOut
                0x08006d5a       0x70 ./Middlewares/ST/STM32_USB_Device_Library/Class/CDC/Src/usbd_cdc.o
 .text.USBD_CDC_EP0_RxReady
                0x08006dca       0x74 ./Middlewares/ST/STM32_USB_Device_Library/Class/CDC/Src/usbd_cdc.o
 *fill*         0x08006e3e        0x2 
 .text.USBD_CDC_GetFSCfgDesc
                0x08006e40       0x70 ./Middlewares/ST/STM32_USB_Device_Library/Class/CDC/Src/usbd_cdc.o
 .text.USBD_CDC_GetHSCfgDesc
                0x08006eb0       0x70 ./Middlewares/ST/STM32_USB_Device_Library/Class/CDC/Src/usbd_cdc.o
 .text.USBD_CDC_GetOtherSpeedCfgDesc
                0x08006f20       0x70 ./Middlewares/ST/STM32_USB_Device_Library/Class/CDC/Src/usbd_cdc.o
 .text.USBD_CDC_GetDeviceQualifierDescriptor
                0x08006f90       0x20 ./Middlewares/ST/STM32_USB_Device_Library/Class/CDC/Src/usbd_cdc.o
                0x08006f90                USBD_CDC_GetDeviceQualifierDescriptor
 .text.USBD_CDC_RegisterInterface
                0x08006fb0       0x34 ./Middlewares/ST/STM32_USB_Device_Library/Class/CDC/Src/usbd_cdc.o
                0x08006fb0                USBD_CDC_RegisterInterface
 .text.USBD_CDC_SetTxBuffer
                0x08006fe4       0x44 ./Middlewares/ST/STM32_USB_Device_Library/Class/CDC/Src/usbd_cdc.o
                0x08006fe4                USBD_CDC_SetTxBuffer
 .text.USBD_CDC_SetRxBuffer
                0x08007028       0x3a ./Middlewares/ST/STM32_USB_Device_Library/Class/CDC/Src/usbd_cdc.o
                0x08007028                USBD_CDC_SetRxBuffer
 *fill*         0x08007062        0x2 
 .text.USBD_CDC_TransmitPacket
                0x08007064       0x80 ./Middlewares/ST/STM32_USB_Device_Library/Class/CDC/Src/usbd_cdc.o
                0x08007064                USBD_CDC_TransmitPacket
 .text.USBD_CDC_ReceivePacket
                0x080070e4       0x6c ./Middlewares/ST/STM32_USB_Device_Library/Class/CDC/Src/usbd_cdc.o
                0x080070e4                USBD_CDC_ReceivePacket
 .text.USBD_Init
                0x08007150       0x60 ./Middlewares/ST/STM32_USB_Device_Library/Core/Src/usbd_core.o
                0x08007150                USBD_Init
 .text.USBD_RegisterClass
                0x080071b0       0x6c ./Middlewares/ST/STM32_USB_Device_Library/Core/Src/usbd_core.o
                0x080071b0                USBD_RegisterClass
 .text.USBD_Start
                0x0800721c       0x18 ./Middlewares/ST/STM32_USB_Device_Library/Core/Src/usbd_core.o
                0x0800721c                USBD_Start
 .text.USBD_RunTestMode
                0x08007234       0x16 ./Middlewares/ST/STM32_USB_Device_Library/Core/Src/usbd_core.o
                0x08007234                USBD_RunTestMode
 .text.USBD_SetClassConfig
                0x0800724a       0x38 ./Middlewares/ST/STM32_USB_Device_Library/Core/Src/usbd_core.o
                0x0800724a                USBD_SetClassConfig
 .text.USBD_ClrClassConfig
                0x08007282       0x34 ./Middlewares/ST/STM32_USB_Device_Library/Core/Src/usbd_core.o
                0x08007282                USBD_ClrClassConfig
 .text.USBD_LL_SetupStage
                0x080072b6       0xaa ./Middlewares/ST/STM32_USB_Device_Library/Core/Src/usbd_core.o
                0x080072b6                USBD_LL_SetupStage
 .text.USBD_LL_DataOutStage
                0x08007360      0x178 ./Middlewares/ST/STM32_USB_Device_Library/Core/Src/usbd_core.o
                0x08007360                USBD_LL_DataOutStage
 .text.USBD_LL_DataInStage
                0x080074d8      0x176 ./Middlewares/ST/STM32_USB_Device_Library/Core/Src/usbd_core.o
                0x080074d8                USBD_LL_DataInStage
 .text.USBD_LL_Reset
                0x0800764e       0xa6 ./Middlewares/ST/STM32_USB_Device_Library/Core/Src/usbd_core.o
                0x0800764e                USBD_LL_Reset
 .text.USBD_LL_SetSpeed
                0x080076f4       0x20 ./Middlewares/ST/STM32_USB_Device_Library/Core/Src/usbd_core.o
                0x080076f4                USBD_LL_SetSpeed
 .text.USBD_LL_Suspend
                0x08007714       0x38 ./Middlewares/ST/STM32_USB_Device_Library/Core/Src/usbd_core.o
                0x08007714                USBD_LL_Suspend
 .text.USBD_LL_Resume
                0x0800774c       0x30 ./Middlewares/ST/STM32_USB_Device_Library/Core/Src/usbd_core.o
                0x0800774c                USBD_LL_Resume
 .text.USBD_LL_SOF
                0x0800777c       0x40 ./Middlewares/ST/STM32_USB_Device_Library/Core/Src/usbd_core.o
                0x0800777c                USBD_LL_SOF
 .text.USBD_LL_IsoINIncomplete
                0x080077bc       0x64 ./Middlewares/ST/STM32_USB_Device_Library/Core/Src/usbd_core.o
                0x080077bc                USBD_LL_IsoINIncomplete
 .text.USBD_LL_IsoOUTIncomplete
                0x08007820       0x64 ./Middlewares/ST/STM32_USB_Device_Library/Core/Src/usbd_core.o
                0x08007820                USBD_LL_IsoOUTIncomplete
 .text.USBD_LL_DevConnected
                0x08007884       0x16 ./Middlewares/ST/STM32_USB_Device_Library/Core/Src/usbd_core.o
                0x08007884                USBD_LL_DevConnected
 .text.USBD_LL_DevDisconnected
                0x0800789a       0x46 ./Middlewares/ST/STM32_USB_Device_Library/Core/Src/usbd_core.o
                0x0800789a                USBD_LL_DevDisconnected
 .text.USBD_CoreFindIF
                0x080078e0       0x1a ./Middlewares/ST/STM32_USB_Device_Library/Core/Src/usbd_core.o
                0x080078e0                USBD_CoreFindIF
 .text.USBD_CoreFindEP
                0x080078fa       0x1a ./Middlewares/ST/STM32_USB_Device_Library/Core/Src/usbd_core.o
                0x080078fa                USBD_CoreFindEP
 .text.USBD_GetEpDesc
                0x08007914       0x70 ./Middlewares/ST/STM32_USB_Device_Library/Core/Src/usbd_core.o
                0x08007914                USBD_GetEpDesc
 .text.USBD_GetNextDesc
                0x08007984       0x38 ./Middlewares/ST/STM32_USB_Device_Library/Core/Src/usbd_core.o
                0x08007984                USBD_GetNextDesc
 .text.SWAPBYTE
                0x080079bc       0x3e ./Middlewares/ST/STM32_USB_Device_Library/Core/Src/usbd_ctlreq.o
 *fill*         0x080079fa        0x2 
 .text.USBD_StdDevReq
                0x080079fc       0xe4 ./Middlewares/ST/STM32_USB_Device_Library/Core/Src/usbd_ctlreq.o
                0x080079fc                USBD_StdDevReq
 .text.USBD_StdItfReq
                0x08007ae0       0xd8 ./Middlewares/ST/STM32_USB_Device_Library/Core/Src/usbd_ctlreq.o
                0x08007ae0                USBD_StdItfReq
 .text.USBD_StdEPReq
                0x08007bb8      0x33e ./Middlewares/ST/STM32_USB_Device_Library/Core/Src/usbd_ctlreq.o
                0x08007bb8                USBD_StdEPReq
 *fill*         0x08007ef6        0x2 
 .text.USBD_GetDescriptor
                0x08007ef8      0x2d4 ./Middlewares/ST/STM32_USB_Device_Library/Core/Src/usbd_ctlreq.o
 .text.USBD_SetAddress
                0x080081cc       0x88 ./Middlewares/ST/STM32_USB_Device_Library/Core/Src/usbd_ctlreq.o
 .text.USBD_SetConfig
                0x08008254      0x154 ./Middlewares/ST/STM32_USB_Device_Library/Core/Src/usbd_ctlreq.o
 .text.USBD_GetConfig
                0x080083a8       0x6c ./Middlewares/ST/STM32_USB_Device_Library/Core/Src/usbd_ctlreq.o
 .text.USBD_GetStatus
                0x08008414       0x68 ./Middlewares/ST/STM32_USB_Device_Library/Core/Src/usbd_ctlreq.o
 .text.USBD_SetFeature
                0x0800847c       0x52 ./Middlewares/ST/STM32_USB_Device_Library/Core/Src/usbd_ctlreq.o
 .text.USBD_ClrFeature
                0x080084ce       0x44 ./Middlewares/ST/STM32_USB_Device_Library/Core/Src/usbd_ctlreq.o
 .text.USBD_ParseSetupRequest
                0x08008512       0x74 ./Middlewares/ST/STM32_USB_Device_Library/Core/Src/usbd_ctlreq.o
                0x08008512                USBD_ParseSetupRequest
 .text.USBD_CtlError
                0x08008586       0x22 ./Middlewares/ST/STM32_USB_Device_Library/Core/Src/usbd_ctlreq.o
                0x08008586                USBD_CtlError
 .text.USBD_GetString
                0x080085a8       0xa4 ./Middlewares/ST/STM32_USB_Device_Library/Core/Src/usbd_ctlreq.o
                0x080085a8                USBD_GetString
 .text.USBD_GetLen
                0x0800864c       0x34 ./Middlewares/ST/STM32_USB_Device_Library/Core/Src/usbd_ctlreq.o
 .text.USBD_CtlSendData
                0x08008680       0x3c ./Middlewares/ST/STM32_USB_Device_Library/Core/Src/usbd_ioreq.o
                0x08008680                USBD_CtlSendData
 .text.USBD_CtlContinueSendData
                0x080086bc       0x22 ./Middlewares/ST/STM32_USB_Device_Library/Core/Src/usbd_ioreq.o
                0x080086bc                USBD_CtlContinueSendData
 .text.USBD_CtlPrepareRx
                0x080086de       0x42 ./Middlewares/ST/STM32_USB_Device_Library/Core/Src/usbd_ioreq.o
                0x080086de                USBD_CtlPrepareRx
 .text.USBD_CtlContinueRx
                0x08008720       0x22 ./Middlewares/ST/STM32_USB_Device_Library/Core/Src/usbd_ioreq.o
                0x08008720                USBD_CtlContinueRx
 .text.USBD_CtlSendStatus
                0x08008742       0x26 ./Middlewares/ST/STM32_USB_Device_Library/Core/Src/usbd_ioreq.o
                0x08008742                USBD_CtlSendStatus
 .text.USBD_CtlReceiveStatus
                0x08008768       0x26 ./Middlewares/ST/STM32_USB_Device_Library/Core/Src/usbd_ioreq.o
                0x08008768                USBD_CtlReceiveStatus
 *fill*         0x0800878e        0x2 
 .text.MX_USB_DEVICE_Init
                0x08008790       0x60 ./USB_DEVICE/App/usb_device.o
                0x08008790                MX_USB_DEVICE_Init
 .text.CDC_Init_FS
                0x080087f0       0x28 ./USB_DEVICE/App/usbd_cdc_if.o
 .text.CDC_DeInit_FS
                0x08008818       0x10 ./USB_DEVICE/App/usbd_cdc_if.o
 .text.CDC_Control_FS
                0x08008828       0xbc ./USB_DEVICE/App/usbd_cdc_if.o
 .text.CDC_Receive_FS
                0x080088e4       0x7c ./USB_DEVICE/App/usbd_cdc_if.o
 .text.CDC_Transmit_FS
                0x08008960       0x4c ./USB_DEVICE/App/usbd_cdc_if.o
                0x08008960                CDC_Transmit_FS
 .text.CDC_TransmitCplt_FS
                0x080089ac       0x22 ./USB_DEVICE/App/usbd_cdc_if.o
 *fill*         0x080089ce        0x2 
 .text.USBD_FS_DeviceDescriptor
                0x080089d0       0x24 ./USB_DEVICE/App/usbd_desc.o
                0x080089d0                USBD_FS_DeviceDescriptor
 .text.USBD_FS_LangIDStrDescriptor
                0x080089f4       0x24 ./USB_DEVICE/App/usbd_desc.o
                0x080089f4                USBD_FS_LangIDStrDescriptor
 .text.USBD_FS_ProductStrDescriptor
                0x08008a18       0x3c ./USB_DEVICE/App/usbd_desc.o
                0x08008a18                USBD_FS_ProductStrDescriptor
 .text.USBD_FS_ManufacturerStrDescriptor
                0x08008a54       0x28 ./USB_DEVICE/App/usbd_desc.o
                0x08008a54                USBD_FS_ManufacturerStrDescriptor
 .text.USBD_FS_SerialStrDescriptor
                0x08008a7c       0x24 ./USB_DEVICE/App/usbd_desc.o
                0x08008a7c                USBD_FS_SerialStrDescriptor
 .text.USBD_FS_ConfigStrDescriptor
                0x08008aa0       0x3c ./USB_DEVICE/App/usbd_desc.o
                0x08008aa0                USBD_FS_ConfigStrDescriptor
 .text.USBD_FS_InterfaceStrDescriptor
                0x08008adc       0x3c ./USB_DEVICE/App/usbd_desc.o
                0x08008adc                USBD_FS_InterfaceStrDescriptor
 .text.Get_SerialNum
                0x08008b18       0x58 ./USB_DEVICE/App/usbd_desc.o
 .text.IntToUnicode
                0x08008b70       0x7e ./USB_DEVICE/App/usbd_desc.o
 *fill*         0x08008bee        0x2 
 .text.HAL_PCD_MspInit
                0x08008bf0       0xa8 ./USB_DEVICE/Target/usbd_conf.o
                0x08008bf0                HAL_PCD_MspInit
 .text.HAL_PCD_SetupStageCallback
                0x08008c98       0x24 ./USB_DEVICE/Target/usbd_conf.o
                0x08008c98                HAL_PCD_SetupStageCallback
 .text.HAL_PCD_DataOutStageCallback
                0x08008cbc       0x36 ./USB_DEVICE/Target/usbd_conf.o
                0x08008cbc                HAL_PCD_DataOutStageCallback
 .text.HAL_PCD_DataInStageCallback
                0x08008cf2       0x34 ./USB_DEVICE/Target/usbd_conf.o
                0x08008cf2                HAL_PCD_DataInStageCallback
 .text.HAL_PCD_SOFCallback
                0x08008d26       0x1c ./USB_DEVICE/Target/usbd_conf.o
                0x08008d26                HAL_PCD_SOFCallback
 .text.HAL_PCD_ResetCallback
                0x08008d42       0x50 ./USB_DEVICE/Target/usbd_conf.o
                0x08008d42                HAL_PCD_ResetCallback
 *fill*         0x08008d92        0x2 
 .text.HAL_PCD_SuspendCallback
                0x08008d94       0x4c ./USB_DEVICE/Target/usbd_conf.o
                0x08008d94                HAL_PCD_SuspendCallback
 .text.HAL_PCD_ResumeCallback
                0x08008de0       0x1c ./USB_DEVICE/Target/usbd_conf.o
                0x08008de0                HAL_PCD_ResumeCallback
 .text.HAL_PCD_ISOOUTIncompleteCallback
                0x08008dfc       0x24 ./USB_DEVICE/Target/usbd_conf.o
                0x08008dfc                HAL_PCD_ISOOUTIncompleteCallback
 .text.HAL_PCD_ISOINIncompleteCallback
                0x08008e20       0x24 ./USB_DEVICE/Target/usbd_conf.o
                0x08008e20                HAL_PCD_ISOINIncompleteCallback
 .text.HAL_PCD_ConnectCallback
                0x08008e44       0x1c ./USB_DEVICE/Target/usbd_conf.o
                0x08008e44                HAL_PCD_ConnectCallback
 .text.HAL_PCD_DisconnectCallback
                0x08008e60       0x1c ./USB_DEVICE/Target/usbd_conf.o
                0x08008e60                HAL_PCD_DisconnectCallback
 .text.USBD_LL_Init
                0x08008e7c       0x98 ./USB_DEVICE/Target/usbd_conf.o
                0x08008e7c                USBD_LL_Init
 .text.USBD_LL_Start
                0x08008f14       0x36 ./USB_DEVICE/Target/usbd_conf.o
                0x08008f14                USBD_LL_Start
 .text.USBD_LL_OpenEP
                0x08008f4a       0x4c ./USB_DEVICE/Target/usbd_conf.o
                0x08008f4a                USBD_LL_OpenEP
 .text.USBD_LL_CloseEP
                0x08008f96       0x3e ./USB_DEVICE/Target/usbd_conf.o
                0x08008f96                USBD_LL_CloseEP
 .text.USBD_LL_StallEP
                0x08008fd4       0x3e ./USB_DEVICE/Target/usbd_conf.o
                0x08008fd4                USBD_LL_StallEP
 .text.USBD_LL_ClearStallEP
                0x08009012       0x3e ./USB_DEVICE/Target/usbd_conf.o
                0x08009012                USBD_LL_ClearStallEP
 .text.USBD_LL_IsStallEP
                0x08009050       0x58 ./USB_DEVICE/Target/usbd_conf.o
                0x08009050                USBD_LL_IsStallEP
 .text.USBD_LL_SetUSBAddress
                0x080090a8       0x3e ./USB_DEVICE/Target/usbd_conf.o
                0x080090a8                USBD_LL_SetUSBAddress
 .text.USBD_LL_Transmit
                0x080090e6       0x42 ./USB_DEVICE/Target/usbd_conf.o
                0x080090e6                USBD_LL_Transmit
 .text.USBD_LL_PrepareReceive
                0x08009128       0x42 ./USB_DEVICE/Target/usbd_conf.o
                0x08009128                USBD_LL_PrepareReceive
 .text.USBD_LL_GetRxDataSize
                0x0800916a       0x26 ./USB_DEVICE/Target/usbd_conf.o
                0x0800916a                USBD_LL_GetRxDataSize
 .text.USBD_static_malloc
                0x08009190       0x1c ./USB_DEVICE/Target/usbd_conf.o
                0x08009190                USBD_static_malloc
 .text.USBD_static_free
                0x080091ac       0x14 ./USB_DEVICE/Target/usbd_conf.o
                0x080091ac                USBD_static_free
 .text.USBD_Get_USB_Status
                0x080091c0       0x58 ./USB_DEVICE/Target/usbd_conf.o
                0x080091c0                USBD_Get_USB_Status
 .text.memset   0x08009218       0x10 C:/ST/STM32CubeIDE_2.1.1/STM32CubeIDE/plugins/com.st.stm32cube.ide.mcu.externaltools.gnu-tools-for-stm32.14.3.rel1.win32_1.0.100.202602081740/tools/bin/../lib/gcc/arm-none-eabi/14.3.1/../../../../arm-none-eabi/lib/thumb/v7e-m+fp/hard\libc_nano.a(libc_a-memset.o)
                0x08009218                memset
 .text.__libc_init_array
                0x08009228       0x48 C:/ST/STM32CubeIDE_2.1.1/STM32CubeIDE/plugins/com.st.stm32cube.ide.mcu.externaltools.gnu-tools-for-stm32.14.3.rel1.win32_1.0.100.202602081740/tools/bin/../lib/gcc/arm-none-eabi/14.3.1/../../../../arm-none-eabi/lib/thumb/v7e-m+fp/hard\libc_nano.a(libc_a-init.o)
                0x08009228                __libc_init_array
 .text.memcpy   0x08009270       0x1c C:/ST/STM32CubeIDE_2.1.1/STM32CubeIDE/plugins/com.st.stm32cube.ide.mcu.externaltools.gnu-tools-for-stm32.14.3.rel1.win32_1.0.100.202602081740/tools/bin/../lib/gcc/arm-none-eabi/14.3.1/../../../../arm-none-eabi/lib/thumb/v7e-m+fp/hard\libc_nano.a(libc_a-memcpy-stub.o)
                0x08009270                memcpy
 *(.glue_7)
 .glue_7        0x0800928c        0x0 linker stubs
 *(.glue_7t)
 .glue_7t       0x0800928c        0x0 linker stubs
 *(.eh_frame)
 .eh_frame      0x0800928c        0x0 C:/ST/STM32CubeIDE_2.1.1/STM32CubeIDE/plugins/com.st.stm32cube.ide.mcu.externaltools.gnu-tools-for-stm32.14.3.rel1.win32_1.0.100.202602081740/tools/bin/../lib/gcc/arm-none-eabi/14.3.1/thumb/v7e-m+fp/hard/crtbegin.o
 *(.init)
 .init          0x0800928c        0x4 C:/ST/STM32CubeIDE_2.1.1/STM32CubeIDE/plugins/com.st.stm32cube.ide.mcu.externaltools.gnu-tools-for-stm32.14.3.rel1.win32_1.0.100.202602081740/tools/bin/../lib/gcc/arm-none-eabi/14.3.1/thumb/v7e-m+fp/hard/crti.o
                0x0800928c                _init
 .init          0x08009290        0x8 C:/ST/STM32CubeIDE_2.1.1/STM32CubeIDE/plugins/com.st.stm32cube.ide.mcu.externaltools.gnu-tools-for-stm32.14.3.rel1.win32_1.0.100.202602081740/tools/bin/../lib/gcc/arm-none-eabi/14.3.1/thumb/v7e-m+fp/hard/crtn.o
 *(.fini)
 .fini          0x08009298        0x4 C:/ST/STM32CubeIDE_2.1.1/STM32CubeIDE/plugins/com.st.stm32cube.ide.mcu.externaltools.gnu-tools-for-stm32.14.3.rel1.win32_1.0.100.202602081740/tools/bin/../lib/gcc/arm-none-eabi/14.3.1/thumb/v7e-m+fp/hard/crti.o
                0x08009298                _fini
 .fini          0x0800929c        0x8 C:/ST/STM32CubeIDE_2.1.1/STM32CubeIDE/plugins/com.st.stm32cube.ide.mcu.externaltools.gnu-tools-for-stm32.14.3.rel1.win32_1.0.100.202602081740/tools/bin/../lib/gcc/arm-none-eabi/14.3.1/thumb/v7e-m+fp/hard/crtn.o
                0x080092a4                        . = ALIGN (0x4)
                0x080092a4                        _etext = .

.vfp11_veneer   0x080092a4        0x0
 .vfp11_veneer  0x080092a4        0x0 linker stubs

.v4_bx          0x080092a4        0x0
 .v4_bx         0x080092a4        0x0 linker stubs

.iplt           0x080092a4        0x0
 .iplt          0x080092a4        0x0 C:/ST/STM32CubeIDE_2.1.1/STM32CubeIDE/plugins/com.st.stm32cube.ide.mcu.externaltools.gnu-tools-for-stm32.14.3.rel1.win32_1.0.100.202602081740/tools/bin/../lib/gcc/arm-none-eabi/14.3.1/thumb/v7e-m+fp/hard/crtbegin.o

.rodata         0x080092a8       0xc0
                0x080092a8                        . = ALIGN (0x4)
 *(.rodata)
 .rodata        0x080092a8       0x50 ./Core/Src/LoRa.o
 .rodata        0x080092f8       0x10 ./Core/Src/main.o
 .rodata        0x08009308       0x46 ./USB_DEVICE/App/usbd_desc.o
 *(.rodata*)
 *fill*         0x0800934e        0x2 
 .rodata.AHBPrescTable
                0x08009350       0x10 ./Core/Src/system_stm32f4xx.o
                0x08009350                AHBPrescTable
 .rodata.APBPrescTable
                0x08009360        0x8 ./Core/Src/system_stm32f4xx.o
                0x08009360                APBPrescTable
                0x08009368                        . = ALIGN (0x4)

.ARM.extab      0x08009368        0x0
                0x08009368                        . = ALIGN (0x4)
 *(.ARM.extab* .gnu.linkonce.armextab.*)
                0x08009368                        . = ALIGN (0x4)

.ARM            0x08009368        0x8
                0x08009368                        . = ALIGN (0x4)
                0x08009368                        __exidx_start = .
 *(.ARM.exidx*)
 .ARM.exidx     0x08009368        0x8 C:/ST/STM32CubeIDE_2.1.1/STM32CubeIDE/plugins/com.st.stm32cube.ide.mcu.externaltools.gnu-tools-for-stm32.14.3.rel1.win32_1.0.100.202602081740/tools/bin/../lib/gcc/arm-none-eabi/14.3.1/../../../../arm-none-eabi/lib/thumb/v7e-m+fp/hard\libc_nano.a(libc_a-strlen.o)
 .ARM.exidx     0x08009370        0x0 C:/ST/STM32CubeIDE_2.1.1/STM32CubeIDE/plugins/com.st.stm32cube.ide.mcu.externaltools.gnu-tools-for-stm32.14.3.rel1.win32_1.0.100.202602081740/tools/bin/../lib/gcc/arm-none-eabi/14.3.1/thumb/v7e-m+fp/hard\libgcc.a(_udivmoddi4.o)
                                  0x8 (size before relaxing)
                0x08009370                        __exidx_end = .
                0x08009370                        . = ALIGN (0x4)

.preinit_array  0x08009370        0x0
                0x08009370                        . = ALIGN (0x4)
                0x08009370                        PROVIDE (__preinit_array_start = .)
 *(.preinit_array*)
                0x08009370                        PROVIDE (__preinit_array_end = .)
                0x08009370                        . = ALIGN (0x4)

.init_array     0x08009370        0x4
                0x08009370                        . = ALIGN (0x4)
                0x08009370                        PROVIDE (__init_array_start = .)
 *(SORT_BY_NAME(.init_array.*))
 *(.init_array*)
 .init_array    0x08009370        0x4 C:/ST/STM32CubeIDE_2.1.1/STM32CubeIDE/plugins/com.st.stm32cube.ide.mcu.externaltools.gnu-tools-for-stm32.14.3.rel1.win32_1.0.100.202602081740/tools/bin/../lib/gcc/arm-none-eabi/14.3.1/thumb/v7e-m+fp/hard/crtbegin.o
                0x08009374                        PROVIDE (__init_array_end = .)
                0x08009374                        . = ALIGN (0x4)

.fini_array     0x08009374        0x4
                0x08009374                        . = ALIGN (0x4)
                [!provide]                        PROVIDE (__fini_array_start = .)
 *(SORT_BY_NAME(.fini_array.*))
 *(.fini_array*)
 .fini_array    0x08009374        0x4 C:/ST/STM32CubeIDE_2.1.1/STM32CubeIDE/plugins/com.st.stm32cube.ide.mcu.externaltools.gnu-tools-for-stm32.14.3.rel1.win32_1.0.100.202602081740/tools/bin/../lib/gcc/arm-none-eabi/14.3.1/thumb/v7e-m+fp/hard/crtbegin.o
                [!provide]                        PROVIDE (__fini_array_end = .)
                0x08009378                        . = ALIGN (0x4)
                0x08009378                        _sidata = LOADADDR (.data)

.rel.dyn        0x08009378        0x0
 .rel.iplt      0x08009378        0x0 C:/ST/STM32CubeIDE_2.1.1/STM32CubeIDE/plugins/com.st.stm32cube.ide.mcu.externaltools.gnu-tools-for-stm32.14.3.rel1.win32_1.0.100.202602081740/tools/bin/../lib/gcc/arm-none-eabi/14.3.1/thumb/v7e-m+fp/hard/crtbegin.o

.data           0x20000000       0xfc load address 0x08009378
                0x20000000                        . = ALIGN (0x4)
                0x20000000                        _sdata = .
 *(.data)
 *(.data*)
 .data.SystemCoreClock
                0x20000000        0x4 ./Core/Src/system_stm32f4xx.o
                0x20000000                SystemCoreClock
 .data.uwTickPrio
                0x20000004        0x4 ./Drivers/STM32F4xx_HAL_Driver/Src/stm32f4xx_hal.o
                0x20000004                uwTickPrio
 .data.uwTickFreq
                0x20000008        0x1 ./Drivers/STM32F4xx_HAL_Driver/Src/stm32f4xx_hal.o
                0x20000008                uwTickFreq
 *fill*         0x20000009        0x3 
 .data.USBD_CDC_DeviceQualifierDesc
                0x2000000c        0xa ./Middlewares/ST/STM32_USB_Device_Library/Class/CDC/Src/usbd_cdc.o
 *fill*         0x20000016        0x2 
 .data.USBD_CDC
                0x20000018       0x38 ./Middlewares/ST/STM32_USB_Device_Library/Class/CDC/Src/usbd_cdc.o
                0x20000018                USBD_CDC
 .data.USBD_CDC_CfgDesc
                0x20000050       0x43 ./Middlewares/ST/STM32_USB_Device_Library/Class/CDC/Src/usbd_cdc.o
 .data.CDCInEpAdd
                0x20000093        0x1 ./Middlewares/ST/STM32_USB_Device_Library/Class/CDC/Src/usbd_cdc.o
 .data.CDCOutEpAdd
                0x20000094        0x1 ./Middlewares/ST/STM32_USB_Device_Library/Class/CDC/Src/usbd_cdc.o
 .data.CDCCmdEpAdd
                0x20000095        0x1 ./Middlewares/ST/STM32_USB_Device_Library/Class/CDC/Src/usbd_cdc.o
 *fill*         0x20000096        0x2 
 .data.USBD_Interface_fops_FS
                0x20000098       0x14 ./USB_DEVICE/App/usbd_cdc_if.o
                0x20000098                USBD_Interface_fops_FS
 .data.FS_Desc  0x200000ac       0x1c ./USB_DEVICE/App/usbd_desc.o
                0x200000ac                FS_Desc
 .data.USBD_FS_DeviceDesc
                0x200000c8       0x12 ./USB_DEVICE/App/usbd_desc.o
                0x200000c8                USBD_FS_DeviceDesc
 *fill*         0x200000da        0x2 
 .data.USBD_LangIDDesc
                0x200000dc        0x4 ./USB_DEVICE/App/usbd_desc.o
                0x200000dc                USBD_LangIDDesc
 .data.USBD_StringSerial
                0x200000e0       0x1a ./USB_DEVICE/App/usbd_desc.o
                0x200000e0                USBD_StringSerial
 *(.RamFunc)
 *(.RamFunc*)
                0x200000fc                        . = ALIGN (0x4)
 *fill*         0x200000fa        0x2 
                0x200000fc                        _edata = .

.igot.plt       0x200000fc        0x0 load address 0x08009474
 .igot.plt      0x200000fc        0x0 C:/ST/STM32CubeIDE_2.1.1/STM32CubeIDE/plugins/com.st.stm32cube.ide.mcu.externaltools.gnu-tools-for-stm32.14.3.rel1.win32_1.0.100.202602081740/tools/bin/../lib/gcc/arm-none-eabi/14.3.1/thumb/v7e-m+fp/hard/crtbegin.o
                0x200000fc                        . = ALIGN (0x4)

.bss            0x200000fc     0x1dd4 load address 0x08009474
                0x200000fc                        _sbss = .
                0x200000fc                        __bss_start__ = _sbss
 *(.bss)
 .bss           0x200000fc       0x1c C:/ST/STM32CubeIDE_2.1.1/STM32CubeIDE/plugins/com.st.stm32cube.ide.mcu.externaltools.gnu-tools-for-stm32.14.3.rel1.win32_1.0.100.202602081740/tools/bin/../lib/gcc/arm-none-eabi/14.3.1/thumb/v7e-m+fp/hard/crtbegin.o
 *(.bss*)
 .bss.hspi1     0x20000118       0x58 ./Core/Src/main.o
                0x20000118                hspi1
 .bss.huart1    0x20000170       0x48 ./Core/Src/main.o
                0x20000170                huart1
 .bss.myLoRa    0x200001b8       0x2c ./Core/Src/main.o
                0x200001b8                myLoRa
 .bss.usb_rx_buffer
                0x200001e4      0x100 ./Core/Src/main.o
                0x200001e4                usb_rx_buffer
 .bss.usb_rx_head
                0x200002e4        0x2 ./Core/Src/main.o
                0x200002e4                usb_rx_head
 .bss.usb_rx_tail
                0x200002e6        0x2 ./Core/Src/main.o
                0x200002e6                usb_rx_tail
 .bss.uwTick    0x200002e8        0x4 ./Drivers/STM32F4xx_HAL_Driver/Src/stm32f4xx_hal.o
                0x200002e8                uwTick
 .bss.cfgidx.0  0x200002ec        0x1 ./Middlewares/ST/STM32_USB_Device_Library/Core/Src/usbd_ctlreq.o
 *fill*         0x200002ed        0x3 
 .bss.hUsbDeviceFS
                0x200002f0      0x2dc ./USB_DEVICE/App/usb_device.o
                0x200002f0                hUsbDeviceFS
 .bss.UserRxBufferFS
                0x200005cc      0x800 ./USB_DEVICE/App/usbd_cdc_if.o
                0x200005cc                UserRxBufferFS
 .bss.UserTxBufferFS
                0x20000dcc      0x800 ./USB_DEVICE/App/usbd_cdc_if.o
                0x20000dcc                UserTxBufferFS
 .bss.USBD_StrDesc
                0x200015cc      0x200 ./USB_DEVICE/App/usbd_desc.o
                0x200015cc                USBD_StrDesc
 .bss.hpcd_USB_OTG_FS
                0x200017cc      0x4e4 ./USB_DEVICE/Target/usbd_conf.o
                0x200017cc                hpcd_USB_OTG_FS
 .bss.mem.0     0x20001cb0      0x220 ./USB_DEVICE/Target/usbd_conf.o
 *(COMMON)
                0x20001ed0                        . = ALIGN (0x4)
                0x20001ed0                        _ebss = .
                0x20001ed0                        __bss_end__ = _ebss

._user_heap_stack
                0x20001ed0      0x600 load address 0x08009474
                0x20001ed0                        . = ALIGN (0x8)
                [!provide]                        PROVIDE (end = .)
                0x20001ed0                        PROVIDE (_end = .)
                0x200020d0                        . = (. + _Min_Heap_Size)
 *fill*         0x20001ed0      0x200 
                0x200024d0                        . = (. + _Min_Stack_Size)
 *fill*         0x200020d0      0x400 
                0x200024d0                        . = ALIGN (0x8)

/DISCARD/
 libc.a(*)
 libm.a(*)
 libgcc.a(*)

.ARM.attributes
                0x00000000       0x30
 *(.ARM.attributes)
 .ARM.attributes
                0x00000000       0x22 C:/ST/STM32CubeIDE_2.1.1/STM32CubeIDE/plugins/com.st.stm32cube.ide.mcu.externaltools.gnu-tools-for-stm32.14.3.rel1.win32_1.0.100.202602081740/tools/bin/../lib/gcc/arm-none-eabi/14.3.1/thumb/v7e-m+fp/hard/crti.o
 .ARM.attributes
                0x00000022       0x34 C:/ST/STM32CubeIDE_2.1.1/STM32CubeIDE/plugins/com.st.stm32cube.ide.mcu.externaltools.gnu-tools-for-stm32.14.3.rel1.win32_1.0.100.202602081740/tools/bin/../lib/gcc/arm-none-eabi/14.3.1/thumb/v7e-m+fp/hard/crtbegin.o
 .ARM.attributes
                0x00000056       0x34 ./Core/Src/LoRa.o
 .ARM.attributes
                0x0000008a       0x34 ./Core/Src/main.o
 .ARM.attributes
                0x000000be       0x34 ./Core/Src/stm32f4xx_hal_msp.o
 .ARM.attributes
                0x000000f2       0x34 ./Core/Src/stm32f4xx_it.o
 .ARM.attributes
                0x00000126       0x34 ./Core/Src/system_stm32f4xx.o
 .ARM.attributes
                0x0000015a       0x21 ./Core/Startup/startup_stm32f401retx.o
 .ARM.attributes
                0x0000017b       0x34 ./Drivers/STM32F4xx_HAL_Driver/Src/stm32f4xx_hal.o
 .ARM.attributes
                0x000001af       0x34 ./Drivers/STM32F4xx_HAL_Driver/Src/stm32f4xx_hal_cortex.o
 .ARM.attributes
                0x000001e3       0x34 ./Drivers/STM32F4xx_HAL_Driver/Src/stm32f4xx_hal_gpio.o
 .ARM.attributes
                0x00000217       0x34 ./Drivers/STM32F4xx_HAL_Driver/Src/stm32f4xx_hal_pcd.o
 .ARM.attributes
                0x0000024b       0x34 ./Drivers/STM32F4xx_HAL_Driver/Src/stm32f4xx_hal_pcd_ex.o
 .ARM.attributes
                0x0000027f       0x34 ./Drivers/STM32F4xx_HAL_Driver/Src/stm32f4xx_hal_rcc.o
 .ARM.attributes
                0x000002b3       0x34 ./Drivers/STM32F4xx_HAL_Driver/Src/stm32f4xx_hal_spi.o
 .ARM.attributes
                0x000002e7       0x34 ./Drivers/STM32F4xx_HAL_Driver/Src/stm32f4xx_hal_uart.o
 .ARM.attributes
                0x0000031b       0x34 ./Drivers/STM32F4xx_HAL_Driver/Src/stm32f4xx_ll_usb.o
 .ARM.attributes
                0x0000034f       0x34 ./Middlewares/ST/STM32_USB_Device_Library/Class/CDC/Src/usbd_cdc.o
 .ARM.attributes
                0x00000383       0x34 ./Middlewares/ST/STM32_USB_Device_Library/Core/Src/usbd_core.o
 .ARM.attributes
                0x000003b7       0x34 ./Middlewares/ST/STM32_USB_Device_Library/Core/Src/usbd_ctlreq.o
 .ARM.attributes
                0x000003eb       0x34 ./Middlewares/ST/STM32_USB_Device_Library/Core/Src/usbd_ioreq.o
 .ARM.attributes
                0x0000041f       0x34 ./USB_DEVICE/App/usb_device.o
 .ARM.attributes
                0x00000453       0x34 ./USB_DEVICE/App/usbd_cdc_if.o
 .ARM.attributes
                0x00000487       0x34 ./USB_DEVICE/App/usbd_desc.o
 .ARM.attributes
                0x000004bb       0x34 ./USB_DEVICE/Target/usbd_conf.o
 .ARM.attributes
                0x000004ef       0x34 C:/ST/STM32CubeIDE_2.1.1/STM32CubeIDE/plugins/com.st.stm32cube.ide.mcu.externaltools.gnu-tools-for-stm32.14.3.rel1.win32_1.0.100.202602081740/tools/bin/../lib/gcc/arm-none-eabi/14.3.1/../../../../arm-none-eabi/lib/thumb/v7e-m+fp/hard\libc_nano.a(libc_a-memset.o)
 .ARM.attributes
                0x00000523       0x34 C:/ST/STM32CubeIDE_2.1.1/STM32CubeIDE/plugins/com.st.stm32cube.ide.mcu.externaltools.gnu-tools-for-stm32.14.3.rel1.win32_1.0.100.202602081740/tools/bin/../lib/gcc/arm-none-eabi/14.3.1/../../../../arm-none-eabi/lib/thumb/v7e-m+fp/hard\libc_nano.a(libc_a-init.o)
 .ARM.attributes
                0x00000557       0x34 C:/ST/STM32CubeIDE_2.1.1/STM32CubeIDE/plugins/com.st.stm32cube.ide.mcu.externaltools.gnu-tools-for-stm32.14.3.rel1.win32_1.0.100.202602081740/tools/bin/../lib/gcc/arm-none-eabi/14.3.1/../../../../arm-none-eabi/lib/thumb/v7e-m+fp/hard\libc_nano.a(libc_a-memcpy-stub.o)
 .ARM.attributes
                0x0000058b       0x17 C:/ST/STM32CubeIDE_2.1.1/STM32CubeIDE/plugins/com.st.stm32cube.ide.mcu.externaltools.gnu-tools-for-stm32.14.3.rel1.win32_1.0.100.202602081740/tools/bin/../lib/gcc/arm-none-eabi/14.3.1/../../../../arm-none-eabi/lib/thumb/v7e-m+fp/hard\libc_nano.a(libc_a-strlen.o)
 .ARM.attributes
                0x000005a2       0x22 C:/ST/STM32CubeIDE_2.1.1/STM32CubeIDE/plugins/com.st.stm32cube.ide.mcu.externaltools.gnu-tools-for-stm32.14.3.rel1.win32_1.0.100.202602081740/tools/bin/../lib/gcc/arm-none-eabi/14.3.1/thumb/v7e-m+fp/hard\libgcc.a(_arm_addsubdf3.o)
 .ARM.attributes
                0x000005c4       0x22 C:/ST/STM32CubeIDE_2.1.1/STM32CubeIDE/plugins/com.st.stm32cube.ide.mcu.externaltools.gnu-tools-for-stm32.14.3.rel1.win32_1.0.100.202602081740/tools/bin/../lib/gcc/arm-none-eabi/14.3.1/thumb/v7e-m+fp/hard\libgcc.a(_arm_muldivdf3.o)
 .ARM.attributes
                0x000005e6       0x22 C:/ST/STM32CubeIDE_2.1.1/STM32CubeIDE/plugins/com.st.stm32cube.ide.mcu.externaltools.gnu-tools-for-stm32.14.3.rel1.win32_1.0.100.202602081740/tools/bin/../lib/gcc/arm-none-eabi/14.3.1/thumb/v7e-m+fp/hard\libgcc.a(_arm_fixdfsi.o)
 .ARM.attributes
                0x00000608       0x22 C:/ST/STM32CubeIDE_2.1.1/STM32CubeIDE/plugins/com.st.stm32cube.ide.mcu.externaltools.gnu-tools-for-stm32.14.3.rel1.win32_1.0.100.202602081740/tools/bin/../lib/gcc/arm-none-eabi/14.3.1/thumb/v7e-m+fp/hard\libgcc.a(_aeabi_uldivmod.o)
 .ARM.attributes
                0x0000062a       0x34 C:/ST/STM32CubeIDE_2.1.1/STM32CubeIDE/plugins/com.st.stm32cube.ide.mcu.externaltools.gnu-tools-for-stm32.14.3.rel1.win32_1.0.100.202602081740/tools/bin/../lib/gcc/arm-none-eabi/14.3.1/thumb/v7e-m+fp/hard\libgcc.a(_udivmoddi4.o)
 .ARM.attributes
                0x0000065e       0x22 C:/ST/STM32CubeIDE_2.1.1/STM32CubeIDE/plugins/com.st.stm32cube.ide.mcu.externaltools.gnu-tools-for-stm32.14.3.rel1.win32_1.0.100.202602081740/tools/bin/../lib/gcc/arm-none-eabi/14.3.1/thumb/v7e-m+fp/hard\libgcc.a(_dvmd_tls.o)
 .ARM.attributes
                0x00000680       0x22 C:/ST/STM32CubeIDE_2.1.1/STM32CubeIDE/plugins/com.st.stm32cube.ide.mcu.externaltools.gnu-tools-for-stm32.14.3.rel1.win32_1.0.100.202602081740/tools/bin/../lib/gcc/arm-none-eabi/14.3.1/thumb/v7e-m+fp/hard/crtn.o
OUTPUT(CRC_gs.elf elf32-littlearm)
LOAD linker stubs
LOAD C:/ST/STM32CubeIDE_2.1.1/STM32CubeIDE/plugins/com.st.stm32cube.ide.mcu.externaltools.gnu-tools-for-stm32.14.3.rel1.win32_1.0.100.202602081740/tools/bin/../lib/gcc/arm-none-eabi/14.3.1/../../../../arm-none-eabi/lib/thumb/v7e-m+fp/hard\libc.a
LOAD C:/ST/STM32CubeIDE_2.1.1/STM32CubeIDE/plugins/com.st.stm32cube.ide.mcu.externaltools.gnu-tools-for-stm32.14.3.rel1.win32_1.0.100.202602081740/tools/bin/../lib/gcc/arm-none-eabi/14.3.1/../../../../arm-none-eabi/lib/thumb/v7e-m+fp/hard\libm.a
LOAD C:/ST/STM32CubeIDE_2.1.1/STM32CubeIDE/plugins/com.st.stm32cube.ide.mcu.externaltools.gnu-tools-for-stm32.14.3.rel1.win32_1.0.100.202602081740/tools/bin/../lib/gcc/arm-none-eabi/14.3.1/thumb/v7e-m+fp/hard\libgcc.a

.debug_info     0x00000000    0x13b95
 .debug_info    0x00000000      0xe7d ./Core/Src/LoRa.o
 .debug_info    0x00000e7d     0x116d ./Core/Src/main.o
 .debug_info    0x00001fea      0xc0c ./Core/Src/stm32f4xx_hal_msp.o
 .debug_info    0x00002bf6      0x627 ./Core/Src/stm32f4xx_it.o
 .debug_info    0x0000321d      0x53e ./Core/Src/system_stm32f4xx.o
 .debug_info    0x0000375b       0x30 ./Core/Startup/startup_stm32f401retx.o
 .debug_info    0x0000378b      0x8bb ./Drivers/STM32F4xx_HAL_Driver/Src/stm32f4xx_hal.o
 .debug_info    0x00004046      0xcf6 ./Drivers/STM32F4xx_HAL_Driver/Src/stm32f4xx_hal_cortex.o
 .debug_info    0x00004d3c      0x6f9 ./Drivers/STM32F4xx_HAL_Driver/Src/stm32f4xx_hal_gpio.o
 .debug_info    0x00005435     0x1577 ./Drivers/STM32F4xx_HAL_Driver/Src/stm32f4xx_hal_pcd.o
 .debug_info    0x000069ac      0x6ea ./Drivers/STM32F4xx_HAL_Driver/Src/stm32f4xx_hal_pcd_ex.o
 .debug_info    0x00007096      0x905 ./Drivers/STM32F4xx_HAL_Driver/Src/stm32f4xx_hal_rcc.o
 .debug_info    0x0000799b     0x1530 ./Drivers/STM32F4xx_HAL_Driver/Src/stm32f4xx_hal_spi.o
 .debug_info    0x00008ecb     0x2f56 ./Drivers/STM32F4xx_HAL_Driver/Src/stm32f4xx_hal_uart.o
 .debug_info    0x0000be21     0x1993 ./Drivers/STM32F4xx_HAL_Driver/Src/stm32f4xx_ll_usb.o
 .debug_info    0x0000d7b4     0x12a5 ./Middlewares/ST/STM32_USB_Device_Library/Class/CDC/Src/usbd_cdc.o
 .debug_info    0x0000ea59      0xe12 ./Middlewares/ST/STM32_USB_Device_Library/Core/Src/usbd_core.o
 .debug_info    0x0000f86b      0xaeb ./Middlewares/ST/STM32_USB_Device_Library/Core/Src/usbd_ctlreq.o
 .debug_info    0x00010356      0x762 ./Middlewares/ST/STM32_USB_Device_Library/Core/Src/usbd_ioreq.o
 .debug_info    0x00010ab8      0x70e ./USB_DEVICE/App/usb_device.o
 .debug_info    0x000111c6      0x96a ./USB_DEVICE/App/usbd_cdc_if.o
 .debug_info    0x00011b30      0x458 ./USB_DEVICE/App/usbd_desc.o
 .debug_info    0x00011f88     0x1c0d ./USB_DEVICE/Target/usbd_conf.o

.debug_abbrev   0x00000000     0x334c
 .debug_abbrev  0x00000000      0x276 ./Core/Src/LoRa.o
 .debug_abbrev  0x00000276      0x2c0 ./Core/Src/main.o
 .debug_abbrev  0x00000536      0x1ac ./Core/Src/stm32f4xx_hal_msp.o
 .debug_abbrev  0x000006e2      0x1a4 ./Core/Src/stm32f4xx_it.o
 .debug_abbrev  0x00000886      0x11a ./Core/Src/system_stm32f4xx.o
 .debug_abbrev  0x000009a0       0x24 ./Core/Startup/startup_stm32f401retx.o
 .debug_abbrev  0x000009c4      0x24b ./Drivers/STM32F4xx_HAL_Driver/Src/stm32f4xx_hal.o
 .debug_abbrev  0x00000c0f      0x31d ./Drivers/STM32F4xx_HAL_Driver/Src/stm32f4xx_hal_cortex.o
 .debug_abbrev  0x00000f2c      0x1d3 ./Drivers/STM32F4xx_HAL_Driver/Src/stm32f4xx_hal_gpio.o
 .debug_abbrev  0x000010ff      0x2b6 ./Drivers/STM32F4xx_HAL_Driver/Src/stm32f4xx_hal_pcd.o
 .debug_abbrev  0x000013b5      0x1da ./Drivers/STM32F4xx_HAL_Driver/Src/stm32f4xx_hal_pcd_ex.o
 .debug_abbrev  0x0000158f      0x2b6 ./Drivers/STM32F4xx_HAL_Driver/Src/stm32f4xx_hal_rcc.o
 .debug_abbrev  0x00001845      0x276 ./Drivers/STM32F4xx_HAL_Driver/Src/stm32f4xx_hal_spi.o
 .debug_abbrev  0x00001abb      0x31b ./Drivers/STM32F4xx_HAL_Driver/Src/stm32f4xx_hal_uart.o
 .debug_abbrev  0x00001dd6      0x2b3 ./Drivers/STM32F4xx_HAL_Driver/Src/stm32f4xx_ll_usb.o
 .debug_abbrev  0x00002089      0x2d2 ./Middlewares/ST/STM32_USB_Device_Library/Class/CDC/Src/usbd_cdc.o
 .debug_abbrev  0x0000235b      0x27c ./Middlewares/ST/STM32_USB_Device_Library/Core/Src/usbd_core.o
 .debug_abbrev  0x000025d7      0x26f ./Middlewares/ST/STM32_USB_Device_Library/Core/Src/usbd_ctlreq.o
 .debug_abbrev  0x00002846      0x19a ./Middlewares/ST/STM32_USB_Device_Library/Core/Src/usbd_ioreq.o
 .debug_abbrev  0x000029e0      0x195 ./USB_DEVICE/App/usb_device.o
 .debug_abbrev  0x00002b75      0x2b7 ./USB_DEVICE/App/usbd_cdc_if.o
 .debug_abbrev  0x00002e2c      0x1e1 ./USB_DEVICE/App/usbd_desc.o
 .debug_abbrev  0x0000300d      0x33f ./USB_DEVICE/Target/usbd_conf.o

.debug_aranges  0x00000000     0x1028
 .debug_aranges
                0x00000000       0xc8 ./Core/Src/LoRa.o
 .debug_aranges
                0x000000c8       0x50 ./Core/Src/main.o
 .debug_aranges
                0x00000118       0x40 ./Core/Src/stm32f4xx_hal_msp.o
 .debug_aranges
                0x00000158       0x68 ./Core/Src/stm32f4xx_it.o
 .debug_aranges
                0x000001c0       0x28 ./Core/Src/system_stm32f4xx.o
 .debug_aranges
                0x000001e8       0x28 ./Core/Startup/startup_stm32f401retx.o
 .debug_aranges
                0x00000210       0xf0 ./Drivers/STM32F4xx_HAL_Driver/Src/stm32f4xx_hal.o
 .debug_aranges
                0x00000300      0x130 ./Drivers/STM32F4xx_HAL_Driver/Src/stm32f4xx_hal_cortex.o
 .debug_aranges
                0x00000430       0x58 ./Drivers/STM32F4xx_HAL_Driver/Src/stm32f4xx_hal_gpio.o
 .debug_aranges
                0x00000488      0x148 ./Drivers/STM32F4xx_HAL_Driver/Src/stm32f4xx_hal_pcd.o
 .debug_aranges
                0x000005d0       0x38 ./Drivers/STM32F4xx_HAL_Driver/Src/stm32f4xx_hal_pcd_ex.o
 .debug_aranges
                0x00000608       0x88 ./Drivers/STM32F4xx_HAL_Driver/Src/stm32f4xx_hal_rcc.o
 .debug_aranges
                0x00000690      0x1d0 ./Drivers/STM32F4xx_HAL_Driver/Src/stm32f4xx_hal_spi.o
 .debug_aranges
                0x00000860      0x208 ./Drivers/STM32F4xx_HAL_Driver/Src/stm32f4xx_hal_uart.o
 .debug_aranges
                0x00000a68      0x1a0 ./Drivers/STM32F4xx_HAL_Driver/Src/stm32f4xx_ll_usb.o
 .debug_aranges
                0x00000c08       0x90 ./Middlewares/ST/STM32_USB_Device_Library/Class/CDC/Src/usbd_cdc.o
 .debug_aranges
                0x00000c98       0xd8 ./Middlewares/ST/STM32_USB_Device_Library/Core/Src/usbd_core.o
 .debug_aranges
                0x00000d70       0x90 ./Middlewares/ST/STM32_USB_Device_Library/Core/Src/usbd_ctlreq.o
 .debug_aranges
                0x00000e00       0x50 ./Middlewares/ST/STM32_USB_Device_Library/Core/Src/usbd_ioreq.o
 .debug_aranges
                0x00000e50       0x20 ./USB_DEVICE/App/usb_device.o
 .debug_aranges
                0x00000e70       0x48 ./USB_DEVICE/App/usbd_cdc_if.o
 .debug_aranges
                0x00000eb8       0x60 ./USB_DEVICE/App/usbd_desc.o
 .debug_aranges
                0x00000f18      0x110 ./USB_DEVICE/Target/usbd_conf.o

.debug_rnglists
                0x00000000      0xc43
 .debug_rnglists
                0x00000000       0x96 ./Core/Src/LoRa.o
 .debug_rnglists
                0x00000096       0x3b ./Core/Src/main.o
 .debug_rnglists
                0x000000d1       0x2d ./Core/Src/stm32f4xx_hal_msp.o
 .debug_rnglists
                0x000000fe       0x49 ./Core/Src/stm32f4xx_it.o
 .debug_rnglists
                0x00000147       0x1a ./Core/Src/system_stm32f4xx.o
 .debug_rnglists
                0x00000161       0x19 ./Core/Startup/startup_stm32f401retx.o
 .debug_rnglists
                0x0000017a       0xaf ./Drivers/STM32F4xx_HAL_Driver/Src/stm32f4xx_hal.o
 .debug_rnglists
                0x00000229       0xe0 ./Drivers/STM32F4xx_HAL_Driver/Src/stm32f4xx_hal_cortex.o
 .debug_rnglists
                0x00000309       0x3f ./Drivers/STM32F4xx_HAL_Driver/Src/stm32f4xx_hal_gpio.o
 .debug_rnglists
                0x00000348       0xfa ./Drivers/STM32F4xx_HAL_Driver/Src/stm32f4xx_hal_pcd.o
 .debug_rnglists
                0x00000442       0x26 ./Drivers/STM32F4xx_HAL_Driver/Src/stm32f4xx_hal_pcd_ex.o
 .debug_rnglists
                0x00000468       0x66 ./Drivers/STM32F4xx_HAL_Driver/Src/stm32f4xx_hal_rcc.o
 .debug_rnglists
                0x000004ce      0x16f ./Drivers/STM32F4xx_HAL_Driver/Src/stm32f4xx_hal_spi.o
 .debug_rnglists
                0x0000063d      0x1bc ./Drivers/STM32F4xx_HAL_Driver/Src/stm32f4xx_hal_uart.o
 .debug_rnglists
                0x000007f9      0x147 ./Drivers/STM32F4xx_HAL_Driver/Src/stm32f4xx_ll_usb.o
 .debug_rnglists
                0x00000940       0x6c ./Middlewares/ST/STM32_USB_Device_Library/Class/CDC/Src/usbd_cdc.o
 .debug_rnglists
                0x000009ac       0xa1 ./Middlewares/ST/STM32_USB_Device_Library/Core/Src/usbd_core.o
 .debug_rnglists
                0x00000a4d       0x6e ./Middlewares/ST/STM32_USB_Device_Library/Core/Src/usbd_ctlreq.o
 .debug_rnglists
                0x00000abb       0x37 ./Middlewares/ST/STM32_USB_Device_Library/Core/Src/usbd_ioreq.o
 .debug_rnglists
                0x00000af2       0x13 ./USB_DEVICE/App/usb_device.o
 .debug_rnglists
                0x00000b05       0x32 ./USB_DEVICE/App/usbd_cdc_if.o
 .debug_rnglists
                0x00000b37       0x43 ./USB_DEVICE/App/usbd_desc.o
 .debug_rnglists
                0x00000b7a       0xc9 ./USB_DEVICE/Target/usbd_conf.o

.debug_macro    0x00000000    0x18958
 .debug_macro   0x00000000      0x200 ./Core/Src/LoRa.o
 .debug_macro   0x00000200      0xad8 ./Core/Src/LoRa.o
 .debug_macro   0x00000cd8      0x2a1 ./Core/Src/LoRa.o
 .debug_macro   0x00000f79       0x2e ./Core/Src/LoRa.o
 .debug_macro   0x00000fa7       0x28 ./Core/Src/LoRa.o
 .debug_macro   0x00000fcf       0x22 ./Core/Src/LoRa.o
 .debug_macro   0x00000ff1       0x8e ./Core/Src/LoRa.o
 .debug_macro   0x0000107f       0x51 ./Core/Src/LoRa.o
 .debug_macro   0x000010d0      0x103 ./Core/Src/LoRa.o
 .debug_macro   0x000011d3       0x6a ./Core/Src/LoRa.o
 .debug_macro   0x0000123d      0x1df ./Core/Src/LoRa.o
 .debug_macro   0x0000141c       0x1c ./Core/Src/LoRa.o
 .debug_macro   0x00001438       0x22 ./Core/Src/LoRa.o
 .debug_macro   0x0000145a       0xfb ./Core/Src/LoRa.o
 .debug_macro   0x00001555     0x1011 ./Core/Src/LoRa.o
 .debug_macro   0x00002566      0x11f ./Core/Src/LoRa.o
 .debug_macro   0x00002685     0xb881 ./Core/Src/LoRa.o
 .debug_macro   0x0000df06       0x6d ./Core/Src/LoRa.o
 .debug_macro   0x0000df73     0x3693 ./Core/Src/LoRa.o
 .debug_macro   0x00011606      0x190 ./Core/Src/LoRa.o
 .debug_macro   0x00011796       0x5c ./Core/Src/LoRa.o
 .debug_macro   0x000117f2      0x416 ./Core/Src/LoRa.o
 .debug_macro   0x00011c08      0x9e9 ./Core/Src/LoRa.o
 .debug_macro   0x000125f1      0x115 ./Core/Src/LoRa.o
 .debug_macro   0x00012706       0xf8 ./Core/Src/LoRa.o
 .debug_macro   0x000127fe       0xa5 ./Core/Src/LoRa.o
 .debug_macro   0x000128a3      0x15f ./Core/Src/LoRa.o
 .debug_macro   0x00012a02      0x287 ./Core/Src/LoRa.o
 .debug_macro   0x00012c89       0x5f ./Core/Src/LoRa.o
 .debug_macro   0x00012ce8      0x236 ./Core/Src/LoRa.o
 .debug_macro   0x00012f1e      0x132 ./Core/Src/LoRa.o
 .debug_macro   0x00013050      0x264 ./Core/Src/LoRa.o
 .debug_macro   0x000132b4       0x2e ./Core/Src/LoRa.o
 .debug_macro   0x000132e2      0x127 ./Core/Src/LoRa.o
 .debug_macro   0x00013409       0x85 ./Core/Src/LoRa.o
 .debug_macro   0x0001348e       0x89 ./Core/Src/LoRa.o
 .debug_macro   0x00013517      0x225 ./Core/Src/LoRa.o
 .debug_macro   0x0001373c      0x2aa ./Core/Src/LoRa.o
 .debug_macro   0x000139e6      0x293 ./Core/Src/LoRa.o
 .debug_macro   0x00013c79       0xba ./Core/Src/LoRa.o
 .debug_macro   0x00013d33      0x126 ./Core/Src/LoRa.o
 .debug_macro   0x00013e59       0x34 ./Core/Src/LoRa.o
 .debug_macro   0x00013e8d      0x172 ./Core/Src/LoRa.o
 .debug_macro   0x00013fff      0x3b2 ./Core/Src/main.o
 .debug_macro   0x000143b1       0x61 ./Core/Src/main.o
 .debug_macro   0x00014412       0x2a ./Core/Src/main.o
 .debug_macro   0x0001443c       0x43 ./Core/Src/main.o
 .debug_macro   0x0001447f       0x34 ./Core/Src/main.o
 .debug_macro   0x000144b3       0x16 ./Core/Src/main.o
 .debug_macro   0x000144c9       0x3c ./Core/Src/main.o
 .debug_macro   0x00014505      0x364 ./Core/Src/main.o
 .debug_macro   0x00014869       0x10 ./Core/Src/main.o
 .debug_macro   0x00014879       0x16 ./Core/Src/main.o
 .debug_macro   0x0001488f       0x4a ./Core/Src/main.o
 .debug_macro   0x000148d9       0x34 ./Core/Src/main.o
 .debug_macro   0x0001490d       0x10 ./Core/Src/main.o
 .debug_macro   0x0001491d       0x58 ./Core/Src/main.o
 .debug_macro   0x00014975       0x8e ./Core/Src/main.o
 .debug_macro   0x00014a03       0x1c ./Core/Src/main.o
 .debug_macro   0x00014a1f      0x17e ./Core/Src/main.o
 .debug_macro   0x00014b9d       0x16 ./Core/Src/main.o
 .debug_macro   0x00014bb3       0x16 ./Core/Src/main.o
 .debug_macro   0x00014bc9      0x146 ./Core/Src/main.o
 .debug_macro   0x00014d0f       0x16 ./Core/Src/main.o
 .debug_macro   0x00014d25       0x16 ./Core/Src/main.o
 .debug_macro   0x00014d3b       0x29 ./Core/Src/main.o
 .debug_macro   0x00014d64       0x16 ./Core/Src/main.o
 .debug_macro   0x00014d7a       0x20 ./Core/Src/main.o
 .debug_macro   0x00014d9a       0x65 ./Core/Src/main.o
 .debug_macro   0x00014dff      0x20f ./Core/Src/main.o
 .debug_macro   0x0001500e       0x95 ./Core/Src/main.o
 .debug_macro   0x000150a3       0x10 ./Core/Src/main.o
 .debug_macro   0x000150b3      0x1f7 ./Core/Src/stm32f4xx_hal_msp.o
 .debug_macro   0x000152aa      0x201 ./Core/Src/stm32f4xx_it.o
 .debug_macro   0x000154ab      0x1e8 ./Core/Src/system_stm32f4xx.o
 .debug_macro   0x00015693      0x248 ./Drivers/STM32F4xx_HAL_Driver/Src/stm32f4xx_hal.o
 .debug_macro   0x000158db      0x1e8 ./Drivers/STM32F4xx_HAL_Driver/Src/stm32f4xx_hal_cortex.o
 .debug_macro   0x00015ac3      0x1ee ./Drivers/STM32F4xx_HAL_Driver/Src/stm32f4xx_hal_gpio.o
 .debug_macro   0x00015cb1      0x1f4 ./Drivers/STM32F4xx_HAL_Driver/Src/stm32f4xx_hal_pcd.o
 .debug_macro   0x00015ea5      0x1e8 ./Drivers/STM32F4xx_HAL_Driver/Src/stm32f4xx_hal_pcd_ex.o
 .debug_macro   0x0001608d      0x20c ./Drivers/STM32F4xx_HAL_Driver/Src/stm32f4xx_hal_rcc.o
 .debug_macro   0x00016299      0x1f7 ./Drivers/STM32F4xx_HAL_Driver/Src/stm32f4xx_hal_spi.o
 .debug_macro   0x00016490      0x1e9 ./Drivers/STM32F4xx_HAL_Driver/Src/stm32f4xx_hal_uart.o
 .debug_macro   0x00016679      0x1e8 ./Drivers/STM32F4xx_HAL_Driver/Src/stm32f4xx_ll_usb.o
 .debug_macro   0x00016861      0x386 ./Middlewares/ST/STM32_USB_Device_Library/Class/CDC/Src/usbd_cdc.o
 .debug_macro   0x00016be7       0x9e ./Middlewares/ST/STM32_USB_Device_Library/Class/CDC/Src/usbd_cdc.o
 .debug_macro   0x00016c85      0x112 ./Middlewares/ST/STM32_USB_Device_Library/Class/CDC/Src/usbd_cdc.o
 .debug_macro   0x00016d97       0x56 ./Middlewares/ST/STM32_USB_Device_Library/Class/CDC/Src/usbd_cdc.o
 .debug_macro   0x00016ded      0x36d ./Middlewares/ST/STM32_USB_Device_Library/Core/Src/usbd_core.o
 .debug_macro   0x0001715a      0x215 ./Middlewares/ST/STM32_USB_Device_Library/Core/Src/usbd_core.o
 .debug_macro   0x0001736f      0x377 ./Middlewares/ST/STM32_USB_Device_Library/Core/Src/usbd_ctlreq.o
 .debug_macro   0x000176e6      0x373 ./Middlewares/ST/STM32_USB_Device_Library/Core/Src/usbd_ioreq.o
 .debug_macro   0x00017a59      0x3a6 ./USB_DEVICE/App/usb_device.o
 .debug_macro   0x00017dff       0x3a ./USB_DEVICE/App/usb_device.o
 .debug_macro   0x00017e39       0x22 ./USB_DEVICE/App/usb_device.o
 .debug_macro   0x00017e5b       0x16 ./USB_DEVICE/App/usb_device.o
 .debug_macro   0x00017e71      0x391 ./USB_DEVICE/App/usbd_cdc_if.o
 .debug_macro   0x00018202      0x3b0 ./USB_DEVICE/App/usbd_desc.o
 .debug_macro   0x000185b2       0x1c ./USB_DEVICE/App/usbd_desc.o
 .debug_macro   0x000185ce      0x38a ./USB_DEVICE/Target/usbd_conf.o

.debug_line     0x00000000    0x14825
 .debug_line    0x00000000      0xc01 ./Core/Src/LoRa.o
 .debug_line    0x00000c01      0xc1e ./Core/Src/main.o
 .debug_line    0x0000181f      0x811 ./Core/Src/stm32f4xx_hal_msp.o
 .debug_line    0x00002030      0x83e ./Core/Src/stm32f4xx_it.o
 .debug_line    0x0000286e      0x7ed ./Core/Src/system_stm32f4xx.o
 .debug_line    0x0000305b       0x7a ./Core/Startup/startup_stm32f401retx.o
 .debug_line    0x000030d5      0xa6c ./Drivers/STM32F4xx_HAL_Driver/Src/stm32f4xx_hal.o
 .debug_line    0x00003b41      0xd39 ./Drivers/STM32F4xx_HAL_Driver/Src/stm32f4xx_hal_cortex.o
 .debug_line    0x0000487a      0xb82 ./Drivers/STM32F4xx_HAL_Driver/Src/stm32f4xx_hal_gpio.o
 .debug_line    0x000053fc     0x14b2 ./Drivers/STM32F4xx_HAL_Driver/Src/stm32f4xx_hal_pcd.o
 .debug_line    0x000068ae      0x832 ./Drivers/STM32F4xx_HAL_Driver/Src/stm32f4xx_hal_pcd_ex.o
 .debug_line    0x000070e0      0xe76 ./Drivers/STM32F4xx_HAL_Driver/Src/stm32f4xx_hal_rcc.o
 .debug_line    0x00007f56     0x1d04 ./Drivers/STM32F4xx_HAL_Driver/Src/stm32f4xx_hal_spi.o
 .debug_line    0x00009c5a     0x25b1 ./Drivers/STM32F4xx_HAL_Driver/Src/stm32f4xx_hal_uart.o
 .debug_line    0x0000c20b     0x1d47 ./Drivers/STM32F4xx_HAL_Driver/Src/stm32f4xx_ll_usb.o
 .debug_line    0x0000df52      0xed7 ./Middlewares/ST/STM32_USB_Device_Library/Class/CDC/Src/usbd_cdc.o
 .debug_line    0x0000ee29      0xf8f ./Middlewares/ST/STM32_USB_Device_Library/Core/Src/usbd_core.o
 .debug_line    0x0000fdb8     0x1151 ./Middlewares/ST/STM32_USB_Device_Library/Core/Src/usbd_ctlreq.o
 .debug_line    0x00010f09      0xa96 ./Middlewares/ST/STM32_USB_Device_Library/Core/Src/usbd_ioreq.o
 .debug_line    0x0001199f      0xa5c ./USB_DEVICE/App/usb_device.o
 .debug_line    0x000123fb      0xaec ./USB_DEVICE/App/usbd_cdc_if.o
 .debug_line    0x00012ee7      0xb05 ./USB_DEVICE/App/usbd_desc.o
 .debug_line    0x000139ec      0xe39 ./USB_DEVICE/Target/usbd_conf.o

.debug_str      0x00000000    0x8b08c
 .debug_str     0x00000000    0x8b08c ./Core/Src/LoRa.o
                              0x82894 (size before relaxing)
 .debug_str     0x0008b08c    0x8729b ./Core/Src/main.o
 .debug_str     0x0008b08c    0x8250d ./Core/Src/stm32f4xx_hal_msp.o
 .debug_str     0x0008b08c    0x821e4 ./Core/Src/stm32f4xx_it.o
 .debug_str     0x0008b08c    0x81e45 ./Core/Src/system_stm32f4xx.o
 .debug_str     0x0008b08c       0x70 ./Core/Startup/startup_stm32f401retx.o
 .debug_str     0x0008b08c    0x82867 ./Drivers/STM32F4xx_HAL_Driver/Src/stm32f4xx_hal.o
 .debug_str     0x0008b08c    0x825d1 ./Drivers/STM32F4xx_HAL_Driver/Src/stm32f4xx_hal_cortex.o
 .debug_str     0x0008b08c    0x81fc0 ./Drivers/STM32F4xx_HAL_Driver/Src/stm32f4xx_hal_gpio.o
 .debug_str     0x0008b08c    0x82911 ./Drivers/STM32F4xx_HAL_Driver/Src/stm32f4xx_hal_pcd.o
 .debug_str     0x0008b08c    0x82201 ./Drivers/STM32F4xx_HAL_Driver/Src/stm32f4xx_hal_pcd_ex.o
 .debug_str     0x0008b08c    0x82279 ./Drivers/STM32F4xx_HAL_Driver/Src/stm32f4xx_hal_rcc.o
 .debug_str     0x0008b08c    0x826f1 ./Drivers/STM32F4xx_HAL_Driver/Src/stm32f4xx_hal_spi.o
 .debug_str     0x0008b08c    0x82848 ./Drivers/STM32F4xx_HAL_Driver/Src/stm32f4xx_hal_uart.o
 .debug_str     0x0008b08c    0x827ec ./Drivers/STM32F4xx_HAL_Driver/Src/stm32f4xx_ll_usb.o
 .debug_str     0x0008b08c    0x86eda ./Middlewares/ST/STM32_USB_Device_Library/Class/CDC/Src/usbd_cdc.o
 .debug_str     0x0008b08c    0x8683a ./Middlewares/ST/STM32_USB_Device_Library/Core/Src/usbd_core.o
 .debug_str     0x0008b08c    0x86665 ./Middlewares/ST/STM32_USB_Device_Library/Core/Src/usbd_ctlreq.o
 .debug_str     0x0008b08c    0x8653a ./Middlewares/ST/STM32_USB_Device_Library/Core/Src/usbd_ioreq.o
 .debug_str     0x0008b08c    0x868ed ./USB_DEVICE/App/usb_device.o
 .debug_str     0x0008b08c    0x86951 ./USB_DEVICE/App/usbd_cdc_if.o
 .debug_str     0x0008b08c    0x86432 ./USB_DEVICE/App/usbd_desc.o
 .debug_str     0x0008b08c    0x875df ./USB_DEVICE/Target/usbd_conf.o

.comment        0x00000000       0x43
 .comment       0x00000000       0x43 ./Core/Src/LoRa.o
                                 0x44 (size before relaxing)
 .comment       0x00000043       0x44 ./Core/Src/main.o
 .comment       0x00000043       0x44 ./Core/Src/stm32f4xx_hal_msp.o
 .comment       0x00000043       0x44 ./Core/Src/stm32f4xx_it.o
 .comment       0x00000043       0x44 ./Core/Src/system_stm32f4xx.o
 .comment       0x00000043       0x44 ./Drivers/STM32F4xx_HAL_Driver/Src/stm32f4xx_hal.o
 .comment       0x00000043       0x44 ./Drivers/STM32F4xx_HAL_Driver/Src/stm32f4xx_hal_cortex.o
 .comment       0x00000043       0x44 ./Drivers/STM32F4xx_HAL_Driver/Src/stm32f4xx_hal_gpio.o
 .comment       0x00000043       0x44 ./Drivers/STM32F4xx_HAL_Driver/Src/stm32f4xx_hal_pcd.o
 .comment       0x00000043       0x44 ./Drivers/STM32F4xx_HAL_Driver/Src/stm32f4xx_hal_pcd_ex.o
 .comment       0x00000043       0x44 ./Drivers/STM32F4xx_HAL_Driver/Src/stm32f4xx_hal_rcc.o
 .comment       0x00000043       0x44 ./Drivers/STM32F4xx_HAL_Driver/Src/stm32f4xx_hal_spi.o
 .comment       0x00000043       0x44 ./Drivers/STM32F4xx_HAL_Driver/Src/stm32f4xx_hal_uart.o
 .comment       0x00000043       0x44 ./Drivers/STM32F4xx_HAL_Driver/Src/stm32f4xx_ll_usb.o
 .comment       0x00000043       0x44 ./Middlewares/ST/STM32_USB_Device_Library/Class/CDC/Src/usbd_cdc.o
 .comment       0x00000043       0x44 ./Middlewares/ST/STM32_USB_Device_Library/Core/Src/usbd_core.o
 .comment       0x00000043       0x44 ./Middlewares/ST/STM32_USB_Device_Library/Core/Src/usbd_ctlreq.o
 .comment       0x00000043       0x44 ./Middlewares/ST/STM32_USB_Device_Library/Core/Src/usbd_ioreq.o
 .comment       0x00000043       0x44 ./USB_DEVICE/App/usb_device.o
 .comment       0x00000043       0x44 ./USB_DEVICE/App/usbd_cdc_if.o
 .comment       0x00000043       0x44 ./USB_DEVICE/App/usbd_desc.o
 .comment       0x00000043       0x44 ./USB_DEVICE/Target/usbd_conf.o

.debug_frame    0x00000000     0x40e0
 .debug_frame   0x00000000      0x334 ./Core/Src/LoRa.o
 .debug_frame   0x00000334       0xf0 ./Core/Src/main.o
 .debug_frame   0x00000424       0xc4 ./Core/Src/stm32f4xx_hal_msp.o
 .debug_frame   0x000004e8      0x114 ./Core/Src/stm32f4xx_it.o
 .debug_frame   0x000005fc       0x50 ./Core/Src/system_stm32f4xx.o
 .debug_frame   0x0000064c      0x31c ./Drivers/STM32F4xx_HAL_Driver/Src/stm32f4xx_hal.o
 .debug_frame   0x00000968      0x4b8 ./Drivers/STM32F4xx_HAL_Driver/Src/stm32f4xx_hal_cortex.o
 .debug_frame   0x00000e20      0x130 ./Drivers/STM32F4xx_HAL_Driver/Src/stm32f4xx_hal_gpio.o
 .debug_frame   0x00000f50      0x574 ./Drivers/STM32F4xx_HAL_Driver/Src/stm32f4xx_hal_pcd.o
 .debug_frame   0x000014c4       0xa0 ./Drivers/STM32F4xx_HAL_Driver/Src/stm32f4xx_hal_pcd_ex.o
 .debug_frame   0x00001564      0x1d8 ./Drivers/STM32F4xx_HAL_Driver/Src/stm32f4xx_hal_rcc.o
 .debug_frame   0x0000173c      0x7e0 ./Drivers/STM32F4xx_HAL_Driver/Src/stm32f4xx_hal_spi.o
 .debug_frame   0x00001f1c      0x8ec ./Drivers/STM32F4xx_HAL_Driver/Src/stm32f4xx_hal_uart.o
 .debug_frame   0x00002808      0x724 ./Drivers/STM32F4xx_HAL_Driver/Src/stm32f4xx_ll_usb.o
 .debug_frame   0x00002f2c      0x22c ./Middlewares/ST/STM32_USB_Device_Library/Class/CDC/Src/usbd_cdc.o
 .debug_frame   0x00003158      0x370 ./Middlewares/ST/STM32_USB_Device_Library/Core/Src/usbd_core.o
 .debug_frame   0x000034c8      0x234 ./Middlewares/ST/STM32_USB_Device_Library/Core/Src/usbd_ctlreq.o
 .debug_frame   0x000036fc      0x10c ./Middlewares/ST/STM32_USB_Device_Library/Core/Src/usbd_ioreq.o
 .debug_frame   0x00003808       0x2c ./USB_DEVICE/App/usb_device.o
 .debug_frame   0x00003834       0xd8 ./USB_DEVICE/App/usbd_cdc_if.o
 .debug_frame   0x0000390c      0x154 ./USB_DEVICE/App/usbd_desc.o
 .debug_frame   0x00003a60      0x46c ./USB_DEVICE/Target/usbd_conf.o
 .debug_frame   0x00003ecc       0x20 C:/ST/STM32CubeIDE_2.1.1/STM32CubeIDE/plugins/com.st.stm32cube.ide.mcu.externaltools.gnu-tools-for-stm32.14.3.rel1.win32_1.0.100.202602081740/tools/bin/../lib/gcc/arm-none-eabi/14.3.1/../../../../arm-none-eabi/lib/thumb/v7e-m+fp/hard\libc_nano.a(libc_a-memset.o)
 .debug_frame   0x00003eec       0x2c C:/ST/STM32CubeIDE_2.1.1/STM32CubeIDE/plugins/com.st.stm32cube.ide.mcu.externaltools.gnu-tools-for-stm32.14.3.rel1.win32_1.0.100.202602081740/tools/bin/../lib/gcc/arm-none-eabi/14.3.1/../../../../arm-none-eabi/lib/thumb/v7e-m+fp/hard\libc_nano.a(libc_a-init.o)
 .debug_frame   0x00003f18       0x28 C:/ST/STM32CubeIDE_2.1.1/STM32CubeIDE/plugins/com.st.stm32cube.ide.mcu.externaltools.gnu-tools-for-stm32.14.3.rel1.win32_1.0.100.202602081740/tools/bin/../lib/gcc/arm-none-eabi/14.3.1/../../../../arm-none-eabi/lib/thumb/v7e-m+fp/hard\libc_nano.a(libc_a-memcpy-stub.o)
 .debug_frame   0x00003f40       0x20 C:/ST/STM32CubeIDE_2.1.1/STM32CubeIDE/plugins/com.st.stm32cube.ide.mcu.externaltools.gnu-tools-for-stm32.14.3.rel1.win32_1.0.100.202602081740/tools/bin/../lib/gcc/arm-none-eabi/14.3.1/../../../../arm-none-eabi/lib/thumb/v7e-m+fp/hard\libc_nano.a(libc_a-strlen.o)
 .debug_frame   0x00003f60       0xac C:/ST/STM32CubeIDE_2.1.1/STM32CubeIDE/plugins/com.st.stm32cube.ide.mcu.externaltools.gnu-tools-for-stm32.14.3.rel1.win32_1.0.100.202602081740/tools/bin/../lib/gcc/arm-none-eabi/14.3.1/thumb/v7e-m+fp/hard\libgcc.a(_arm_addsubdf3.o)
 .debug_frame   0x0000400c       0x50 C:/ST/STM32CubeIDE_2.1.1/STM32CubeIDE/plugins/com.st.stm32cube.ide.mcu.externaltools.gnu-tools-for-stm32.14.3.rel1.win32_1.0.100.202602081740/tools/bin/../lib/gcc/arm-none-eabi/14.3.1/thumb/v7e-m+fp/hard\libgcc.a(_arm_muldivdf3.o)
 .debug_frame   0x0000405c       0x24 C:/ST/STM32CubeIDE_2.1.1/STM32CubeIDE/plugins/com.st.stm32cube.ide.mcu.externaltools.gnu-tools-for-stm32.14.3.rel1.win32_1.0.100.202602081740/tools/bin/../lib/gcc/arm-none-eabi/14.3.1/thumb/v7e-m+fp/hard\libgcc.a(_arm_fixdfsi.o)
 .debug_frame   0x00004080       0x2c C:/ST/STM32CubeIDE_2.1.1/STM32CubeIDE/plugins/com.st.stm32cube.ide.mcu.externaltools.gnu-tools-for-stm32.14.3.rel1.win32_1.0.100.202602081740/tools/bin/../lib/gcc/arm-none-eabi/14.3.1/thumb/v7e-m+fp/hard\libgcc.a(_aeabi_uldivmod.o)